Archive member included to satisfy reference by file (symbol)

contiki-srf06-cc26xx.a(contiki-main.o)
                              obj_srf06-cc26xx/startup_gcc.o (main)
contiki-srf06-cc26xx.a(sensors.o)
                              contiki-srf06-cc26xx.a(contiki-main.o) (sensors_process)
contiki-srf06-cc26xx.a(leds.o)
                              contiki-srf06-cc26xx.a(contiki-main.o) (leds_init)
contiki-srf06-cc26xx.a(leds-arch.o)
                              contiki-srf06-cc26xx.a(leds.o) (leds_arch_init)
contiki-srf06-cc26xx.a(sensortag-senso)
                              contiki-srf06-cc26xx.a(sensors.o) (sensors_flags)
contiki-srf06-cc26xx.a(bmp-280-sensor.)
                              contiki-srf06-cc26xx.a(sensortag-senso) (bmp_280_sensor)
contiki-srf06-cc26xx.a(tmp-007-sensor.)
                              contiki-srf06-cc26xx.a(sensortag-senso) (tmp_007_sensor)
contiki-srf06-cc26xx.a(opt-3001-sensor)
                              contiki-srf06-cc26xx.a(sensortag-senso) (opt_3001_sensor)
contiki-srf06-cc26xx.a(hdc-1000-sensor)
                              contiki-srf06-cc26xx.a(sensortag-senso) (hdc_1000_sensor)
contiki-srf06-cc26xx.a(mpu-9250-sensor)
                              contiki-srf06-cc26xx.a(sensortag-senso) (mpu_9250_sensor)
contiki-srf06-cc26xx.a(button-sensor.o)
                              contiki-srf06-cc26xx.a(sensortag-senso) (button_right_sensor)
contiki-srf06-cc26xx.a(reed-relay.o)
                              contiki-srf06-cc26xx.a(sensortag-senso) (reed_relay_sensor)
contiki-srf06-cc26xx.a(ext-flash.o)
                              example-runicast.co (ext_flash_open)
contiki-srf06-cc26xx.a(board.o)
                              contiki-srf06-cc26xx.a(contiki-main.o) (board_init)
contiki-srf06-cc26xx.a(board-spi.o)
                              contiki-srf06-cc26xx.a(ext-flash.o) (board_spi_write)
contiki-srf06-cc26xx.a(board-i2c.o)
                              contiki-srf06-cc26xx.a(board.o) (board_i2c_wakeup)
contiki-srf06-cc26xx.a(clock.o)
                              contiki-srf06-cc26xx.a(contiki-main.o) (clock_init)
contiki-srf06-cc26xx.a(rtimer-arch.o)
                              contiki-srf06-cc26xx.a(mpu-9250-sensor) (rtimer_arch_now)
contiki-srf06-cc26xx.a(soc-rtc.o)
                              contiki-srf06-cc26xx.a(contiki-main.o) (soc_rtc_init)
contiki-srf06-cc26xx.a(contiki-watchdo)
                              contiki-srf06-cc26xx.a(contiki-main.o) (watchdog_init)
contiki-srf06-cc26xx.a(putchar.o)
                              contiki-srf06-cc26xx.a(contiki-main.o) (putchar)
contiki-srf06-cc26xx.a(ieee-addr.o)
                              contiki-srf06-cc26xx.a(contiki-main.o) (ieee_addr_cpy_to)
contiki-srf06-cc26xx.a(cc26xx-uart.o)
                              contiki-srf06-cc26xx.a(contiki-main.o) (cc26xx_uart_init)
contiki-srf06-cc26xx.a(lpm.o)
                              contiki-srf06-cc26xx.a(button-sensor.o) (lpm_shutdown)
contiki-srf06-cc26xx.a(gpio-interrupt.)
                              contiki-srf06-cc26xx.a(button-sensor.o) (gpio_interrupt_register_handler)
contiki-srf06-cc26xx.a(oscillators.o)
                              contiki-srf06-cc26xx.a(contiki-main.o) (oscillators_select_lf_xosc)
contiki-srf06-cc26xx.a(ieee-mode.o)
                              contiki-srf06-cc26xx.a(contiki-main.o) (ieee_mode_driver)
contiki-srf06-cc26xx.a(random.o)
                              contiki-srf06-cc26xx.a(contiki-main.o) (random_init)
contiki-srf06-cc26xx.a(soc-trng.o)
                              contiki-srf06-cc26xx.a(random.o) (soc_trng_rand_synchronous)
contiki-srf06-cc26xx.a(dbg-printf.o)
                              example-runicast.co (printf)
contiki-srf06-cc26xx.a(strformat.o)
                              contiki-srf06-cc26xx.a(dbg-printf.o) (format_str_v)
contiki-srf06-cc26xx.a(autostart.o)
                              contiki-srf06-cc26xx.a(contiki-main.o) (autostart_start)
contiki-srf06-cc26xx.a(ctimer.o)
                              contiki-srf06-cc26xx.a(contiki-main.o) (ctimer_init)
contiki-srf06-cc26xx.a(energest.o)
                              contiki-srf06-cc26xx.a(contiki-main.o) (energest_init)
contiki-srf06-cc26xx.a(etimer.o)
                              contiki-srf06-cc26xx.a(clock.o) (etimer_request_poll)
contiki-srf06-cc26xx.a(process.o)
                              contiki-srf06-cc26xx.a(sensors.o) (process_alloc_event)
contiki-srf06-cc26xx.a(rtimer.o)
                              contiki-srf06-cc26xx.a(contiki-main.o) (rtimer_init)
contiki-srf06-cc26xx.a(timer.o)
                              contiki-srf06-cc26xx.a(button-sensor.o) (timer_set)
contiki-srf06-cc26xx.a(serial-line.o)
                              contiki-srf06-cc26xx.a(contiki-main.o) (serial_line_init)
contiki-srf06-cc26xx.a(list.o)
                              example-runicast.co (list_init)
contiki-srf06-cc26xx.a(memb.o)
                              example-runicast.co (memb_init)
contiki-srf06-cc26xx.a(ringbuf.o)
[...]
Memory Configuration

Name             Origin             Length             Attributes
FLASH            0x0000000000000000 0x000000000001ffa8 xr
FLASH_CCFG       0x000000000001ffa8 0x0000000000000058 xr
SRAM             0x0000000020000000 0x0000000000005000 xrw
GPRAM            0x0000000011000000 0x0000000000002000 xrw
*default*        0x0000000000000000 0xffffffffffffffff

Linker script and memory map

LOAD obj_srf06-cc26xx/fault-handlers.o
LOAD obj_srf06-cc26xx/ccfg.o
LOAD obj_srf06-cc26xx/startup_gcc.o
LOAD example-runicast.co
LOAD contiki-srf06-cc26xx.a
LOAD /usr/local/gcc_arm/gcc-arm-none-eabi-7-2017-q4-major/bin/../lib/gcc/arm-none-eabi/7.2.1/../../../../arm-none-eabi/lib/thumb/v7-m/libm.a
START GROUP
LOAD /usr/local/gcc_arm/gcc-arm-none-eabi-7-2017-q4-major/bin/../lib/gcc/arm-none-eabi/7.2.1/thumb/v7-m/libgcc.a
LOAD /usr/local/gcc_arm/gcc-arm-none-eabi-7-2017-q4-major/bin/../lib/gcc/arm-none-eabi/7.2.1/../../../../arm-none-eabi/lib/thumb/v7-m/libc.a
END GROUP
                0x0000000020005000                _estack = (ORIGIN (SRAM) + LENGTH (SRAM))
                0x0000000000000000                _Min_Heap_Size = 0x0
                0x0000000000000100                _Min_Stack_Size = 0x100

.text           0x0000000000000000     0xb180
                0x0000000000000000                _text = .
 *(SORT_BY_ALIGNMENT(.vectors))
 .vectors       0x0000000000000000       0xc8 obj_srf06-cc26xx/startup_gcc.o
                0x0000000000000000                g_pfnVectors
 *(SORT_BY_ALIGNMENT(.text*))
 .text.value    0x00000000000000c8       0xb0 contiki-srf06-cc26xx.a(opt-3001-sensor)
 .text.value    0x0000000000000178       0x9c contiki-srf06-cc26xx.a(hdc-1000-sensor)
 *fill*         0x0000000000000214        0x4 00000000
 .text.value    0x0000000000000218      0x1a4 contiki-srf06-cc26xx.a(mpu-9250-sensor)
 *fill*         0x00000000000003bc        0x4 00000000
 .text.__ieee754_pow
                0x00000000000003c0      0xae4 /usr/local/gcc_arm/gcc-arm-none-eabi-7-2017-q4-major/bin/../lib/gcc/arm-none-eabi/7.2.1/../../../../arm-none-eabi/lib/thumb/v7-m/libm.a(lib_a-e_pow.o)
                0x00000000000003c0                __ieee754_pow
 *fill*         0x0000000000000ea4        0x4 00000000
 .text.scalbn   0x0000000000000ea8       0xe4 /usr/local/gcc_arm/gcc-arm-none-eabi-7-2017-q4-major/bin/../lib/gcc/arm-none-eabi/7.2.1/../../../../arm-none-eabi/lib/thumb/v7-m/libm.a(lib_a-s_scalbn.o)
                0x0000000000000ea8                scalbn
 .text.FaultISR
                0x0000000000000f8c       0x18 obj_srf06-cc26xx/fault-handlers.o
                0x0000000000000f8c                FaultISR
 .text.NmiSRHandler
                0x0000000000000fa4        0x4 obj_srf06-cc26xx/startup_gcc.o
                0x0000000000000fa4                NmiSR
 .text.IntDefaultHandler
                0x0000000000000fa8        0x4 obj_srf06-cc26xx/startup_gcc.o
                0x0000000000000fa8                Timer3BIntHandler
                0x0000000000000fa8                SWEvent0IntHandler
                0x0000000000000fa8                uDMAIntHandler
                0x0000000000000fa8                WatchdogIntHandler
                0x0000000000000fa8                RFCHardwareIntHandler
                0x0000000000000fa8                Timer1BIntHandler
                0x0000000000000fa8                I2SIntHandler
                0x0000000000000fa8                Timer2BIntHandler
                0x0000000000000fa8                Timer2AIntHandler
                0x0000000000000fa8                Timer1AIntHandler
                0x0000000000000fa8                AONIntHandler
                0x0000000000000fa8                AUXSWEvent0IntHandler
                0x0000000000000fa8                AUXADCIntHandler
                0x0000000000000fa8                PendSVIntHandler
                0x0000000000000fa8                AUXSWEvent1IntHandler
                0x0000000000000fa8                SVCallIntHandler
                0x0000000000000fa8                MPUFaultIntHandler
                0x0000000000000fa8                SysTickIntHandler
                0x0000000000000fa8                BusFaultIntHandler
                0x0000000000000fa8                AONProgIntHandler
                0x0000000000000fa8                AUXCompAIntHandler
                0x0000000000000fa8                SSI1IntHandler
                0x0000000000000fa8                FlashIntHandler
                0x0000000000000fa8                uDMAErrIntHandler
                0x0000000000000fa8                UsageFaultIntHandler
                0x0000000000000fa8                RFCCmdAckIntHandler
                0x0000000000000fa8                CryptoIntHandler
                0x0000000000000fa8                Timer0AIntHandler
                0x0000000000000fa8                I2CIntHandler
                0x0000000000000fa8                DebugMonIntHandler
                0x0000000000000fa8                Timer0BIntHandler
                0x0000000000000fa8                AUXCombEventIntHandler
                0x0000000000000fa8                Timer3AIntHandler
                0x0000000000000fa8                DynProgIntHandler
                0x0000000000000fa8                SSI0IntHandler
 .text.ResetISR
                0x0000000000000fac       0x58 obj_srf06-cc26xx/startup_gcc.o
                0x0000000000000fac                ResetISR
 .text.timedout_runicast
                0x0000000000001004       0x14 example-runicast.co
 .text.sent_runicast
                0x0000000000001018       0x14 example-runicast.co
 .text.process_thread_test_runicast_process
                0x000000000000102c      0x228 example-runicast.co
 .text.recv_runicast
                0x0000000000001254       0x84 example-runicast.co
 .text.fade     0x00000000000012d8       0x64 contiki-srf06-cc26xx.a(contiki-main.o)
 .text.startup.main
                0x000000000000133c      0x22c contiki-srf06-cc26xx.a(contiki-main.o)
                0x000000000000133c                main
 .text.process_thread_sensors_process
                0x0000000000001568       0xf0 contiki-srf06-cc26xx.a(sensors.o)
 .text.sensors_changed
                0x0000000000001658       0x4c contiki-srf06-cc26xx.a(sensors.o)
                0x0000000000001658                sensors_changed
 .text.leds_init
                0x00000000000016a4       0x14 contiki-srf06-cc26xx.a(leds.o)
                0x00000000000016a4                leds_init
 .text.leds_on  0x00000000000016b8       0x14 contiki-srf06-cc26xx.a(leds.o)
                0x00000000000016b8                leds_on
 .text.leds_off
                0x00000000000016cc       0x14 contiki-srf06-cc26xx.a(leds.o)
                0x00000000000016cc                leds_off
 .text.leds_arch_init
                0x00000000000016e0       0x38 contiki-srf06-cc26xx.a(leds-arch.o)
                0x00000000000016e0                leds_arch_init
 .text.leds_arch_set
                0x0000000000001718       0x34 contiki-srf06-cc26xx.a(leds-arch.o)
                0x0000000000001718                leds_arch_set
 .text.status   0x000000000000174c       0x14 contiki-srf06-cc26xx.a(bmp-280-sensor.)
 .text.notify_ready
                0x0000000000001760       0x14 contiki-srf06-cc26xx.a(bmp-280-sensor.)
 .text.enable_sensor
                0x0000000000001774       0x2c contiki-srf06-cc26xx.a(bmp-280-sensor.)
 .text.configure
                0x00000000000017a0       0x94 contiki-srf06-cc26xx.a(bmp-280-sensor.)
 .text.value    0x0000000000001834      0x160 contiki-srf06-cc26xx.a(bmp-280-sensor.)
 .text.status   0x0000000000001994       0x14 contiki-srf06-cc26xx.a(tmp-007-sensor.)
 .text.notify_ready
                0x00000000000019a8       0x14 contiki-srf06-cc26xx.a(tmp-007-sensor.)
 .text.enable_sensor
                0x00000000000019bc       0x2c contiki-srf06-cc26xx.a(tmp-007-sensor.)
 .text.configure
                0x00000000000019e8       0x94 contiki-srf06-cc26xx.a(tmp-007-sensor.)
 .text.value    0x0000000000001a7c       0xf0 contiki-srf06-cc26xx.a(tmp-007-sensor.)
 .text.status   0x0000000000001b6c        0xc contiki-srf06-cc26xx.a(opt-3001-sensor)
 .text.enable_sensor
                0x0000000000001b78       0x44 contiki-srf06-cc26xx.a(opt-3001-sensor)
 .text.notify_ready
                0x0000000000001bbc       0x54 contiki-srf06-cc26xx.a(opt-3001-sensor)
 .text.configure
                0x0000000000001c10       0x4c contiki-srf06-cc26xx.a(opt-3001-sensor)
 .text.status   0x0000000000001c5c       0x14 contiki-srf06-cc26xx.a(hdc-1000-sensor)
 .text.notify_ready
                0x0000000000001c70       0x68 contiki-srf06-cc26xx.a(hdc-1000-sensor)
 .text.configure
                0x0000000000001cd8       0xb8 contiki-srf06-cc26xx.a(hdc-1000-sensor)
 .text.acc_convert
                0x0000000000001d90       0x70 contiki-srf06-cc26xx.a(mpu-9250-sensor)
 .text.status   0x0000000000001e00       0x14 contiki-srf06-cc26xx.a(mpu-9250-sensor)
 .text.notify_ready
                0x0000000000001e14       0x14 contiki-srf06-cc26xx.a(mpu-9250-sensor)
 .text.sensor_sleep
                0x0000000000001e28       0x38 contiki-srf06-cc26xx.a(mpu-9250-sensor)
 .text.configure
                0x0000000000001e60       0xdc contiki-srf06-cc26xx.a(mpu-9250-sensor)
 .text.int_status
                0x0000000000001f3c       0x28 contiki-srf06-cc26xx.a(mpu-9250-sensor)
 .text.initialise
                0x0000000000001f64      0x100 contiki-srf06-cc26xx.a(mpu-9250-sensor)
 .text.status_left
                0x0000000000002064       0x20 contiki-srf06-cc26xx.a(button-sensor.o)
 .text.status_right
                0x0000000000002084       0x20 contiki-srf06-cc26xx.a(button-sensor.o)
 .text.value_left
                0x00000000000020a4       0x24 contiki-srf06-cc26xx.a(button-sensor.o)
 .text.value_right
                0x00000000000020c8       0x18 contiki-srf06-cc26xx.a(button-sensor.o)
 .text.config_buttons
                0x00000000000020e0       0x84 contiki-srf06-cc26xx.a(button-sensor.o)
 .text.config_left
                0x0000000000002164        0xc contiki-srf06-cc26xx.a(button-sensor.o)
 .text.config_right
                0x0000000000002170        0xc contiki-srf06-cc26xx.a(button-sensor.o)
 .text.button_press_handler
                0x000000000000217c       0x64 contiki-srf06-cc26xx.a(button-sensor.o)
 .text.value    0x00000000000021e0       0x10 contiki-srf06-cc26xx.a(reed-relay.o)
 .text.status   0x00000000000021f0       0x20 contiki-srf06-cc26xx.a(reed-relay.o)
 .text.configure
                0x0000000000002210       0x6c contiki-srf06-cc26xx.a(reed-relay.o)
 .text.reed_interrupt_handler
                0x000000000000227c       0x28 contiki-srf06-cc26xx.a(reed-relay.o)
 .text.verify_part
                0x00000000000022a4       0x80 contiki-srf06-cc26xx.a(ext-flash.o)
 .text.wait_ready
                0x0000000000002324       0x58 contiki-srf06-cc26xx.a(ext-flash.o)
 .text.power_down
                0x000000000000237c       0x50 contiki-srf06-cc26xx.a(ext-flash.o)
 .text.ext_flash_open
                0x00000000000023cc       0x60 contiki-srf06-cc26xx.a(ext-flash.o)
                0x00000000000023cc                ext_flash_open
 .text.ext_flash_close
                0x000000000000242c       0x10 contiki-srf06-cc26xx.a(ext-flash.o)
                0x000000000000242c                ext_flash_close
 .text.ext_flash_read
                0x000000000000243c       0x58 contiki-srf06-cc26xx.a(ext-flash.o)
                0x000000000000243c                ext_flash_read
 .text.ext_flash_write
                0x0000000000002494       0xac contiki-srf06-cc26xx.a(ext-flash.o)
                0x0000000000002494                ext_flash_write
 .text.ext_flash_init
                0x0000000000002540       0x14 contiki-srf06-cc26xx.a(ext-flash.o)
                0x0000000000002540                ext_flash_init
 .text.power_domains_on
                0x0000000000002554       0x20 contiki-srf06-cc26xx.a(board.o)
 .text.lpm_wakeup_handler
                0x0000000000002574        0x4 contiki-srf06-cc26xx.a(board.o)
 .text.shutdown_handler
                0x0000000000002578       0x68 contiki-srf06-cc26xx.a(board.o)
 .text.board_init
                0x00000000000025e0      0x110 contiki-srf06-cc26xx.a(board.o)
                0x00000000000025e0                board_init
 .text.accessible
                0x00000000000026f0       0x24 contiki-srf06-cc26xx.a(board-spi.o)
 .text.board_spi_write
                0x0000000000002714       0x40 contiki-srf06-cc26xx.a(board-spi.o)
                0x0000000000002714                board_spi_write
 .text.board_spi_read
                0x0000000000002754       0x4c contiki-srf06-cc26xx.a(board-spi.o)
                0x0000000000002754                board_spi_read
 .text.board_spi_flush
                0x00000000000027a0       0x24 contiki-srf06-cc26xx.a(board-spi.o)
                0x00000000000027a0                board_spi_flush
 .text.board_spi_open
                0x00000000000027c4       0xbc contiki-srf06-cc26xx.a(board-spi.o)
                0x00000000000027c4                board_spi_open
 .text.board_spi_close
                0x0000000000002880       0x70 contiki-srf06-cc26xx.a(board-spi.o)
                0x0000000000002880                board_spi_close
 .text.i2c_status
                0x00000000000028f0       0x34 contiki-srf06-cc26xx.a(board-i2c.o)
 .text.accessible
                0x0000000000002924       0x24 contiki-srf06-cc26xx.a(board-i2c.o)
 .text.board_i2c_wakeup
                0x0000000000002948       0x5c contiki-srf06-cc26xx.a(board-i2c.o)
                0x0000000000002948                board_i2c_wakeup
 .text.board_i2c_shutdown
                0x00000000000029a4       0xa4 contiki-srf06-cc26xx.a(board-i2c.o)
                0x00000000000029a4                board_i2c_shutdown
 .text.board_i2c_write
                0x0000000000002a48      0x134 contiki-srf06-cc26xx.a(board-i2c.o)
                0x0000000000002a48                board_i2c_write
 .text.board_i2c_write_single
                0x0000000000002b7c       0x74 contiki-srf06-cc26xx.a(board-i2c.o)
                0x0000000000002b7c                board_i2c_write_single
 .text.board_i2c_read
                0x0000000000002bf0       0xfc contiki-srf06-cc26xx.a(board-i2c.o)
                0x0000000000002bf0                board_i2c_read
 .text.board_i2c_write_read
                0x0000000000002cec      0x1a4 contiki-srf06-cc26xx.a(board-i2c.o)
                0x0000000000002cec                board_i2c_write_read
 .text.board_i2c_select
                0x0000000000002e90       0xdc contiki-srf06-cc26xx.a(board-i2c.o)
                0x0000000000002e90                board_i2c_select
 .text.power_domain_on
                0x0000000000002f6c       0x20 contiki-srf06-cc26xx.a(clock.o)
 .text.clock_init
                0x0000000000002f8c       0x9c contiki-srf06-cc26xx.a(clock.o)
                0x0000000000002f8c                clock_init
 .text.clock_time
                0x0000000000003028       0x34 contiki-srf06-cc26xx.a(clock.o)
                0x0000000000003028                clock_time
 .text.clock_update
                0x000000000000305c       0x3c contiki-srf06-cc26xx.a(clock.o)
                0x000000000000305c                clock_update
 .text.rtimer_arch_init
                0x0000000000003098        0x4 contiki-srf06-cc26xx.a(rtimer-arch.o)
                0x0000000000003098                rtimer_arch_init
 .text.rtimer_arch_schedule
                0x000000000000309c        0x8 contiki-srf06-cc26xx.a(rtimer-arch.o)
                0x000000000000309c                rtimer_arch_schedule
 .text.rtimer_arch_now
                0x00000000000030a4        0x4 contiki-srf06-cc26xx.a(rtimer-arch.o)
                0x00000000000030a4                rtimer_arch_now
 .text.soc_rtc_init
                0x00000000000030a8       0xa0 contiki-srf06-cc26xx.a(soc-rtc.o)
                0x00000000000030a8                soc_rtc_init
 .text.soc_rtc_schedule_one_shot
                0x0000000000003148       0x6c contiki-srf06-cc26xx.a(soc-rtc.o)
                0x0000000000003148                soc_rtc_schedule_one_shot
 .text.soc_rtc_last_isr_time
                0x00000000000031b4        0xc contiki-srf06-cc26xx.a(soc-rtc.o)
                0x00000000000031b4                soc_rtc_last_isr_time
 .text.AONRTCIntHandler
                0x00000000000031c0       0x88 contiki-srf06-cc26xx.a(soc-rtc.o)
                0x00000000000031c0                AONRTCIntHandler
 .text.watchdog_init
                0x0000000000003248       0x1c contiki-srf06-cc26xx.a(contiki-watchdo)
                0x0000000000003248                watchdog_init
 .text.watchdog_start
                0x0000000000003264       0x68 contiki-srf06-cc26xx.a(contiki-watchdo)
                0x0000000000003264                watchdog_start
 .text.watchdog_periodic
                0x00000000000032cc       0x1c contiki-srf06-cc26xx.a(contiki-watchdo)
                0x00000000000032cc                watchdog_periodic
 .text.putchar  0x00000000000032e8       0x10 contiki-srf06-cc26xx.a(putchar.o)
                0x00000000000032e8                putchar
 .text.puts     0x00000000000032f8       0x30 contiki-srf06-cc26xx.a(putchar.o)
                0x00000000000032f8                puts
 .text.dbg_send_bytes
                0x0000000000003328       0x40 contiki-srf06-cc26xx.a(putchar.o)
                0x0000000000003328                dbg_send_bytes
 .text.ieee_addr_cpy_to
                0x0000000000003368       0x3c contiki-srf06-cc26xx.a(ieee-addr.o)
                0x0000000000003368                ieee_addr_cpy_to
 .text.power_and_clock
                0x00000000000033a4       0x40 contiki-srf06-cc26xx.a(cc26xx-uart.o)
 .text.enable   0x00000000000033e4       0xf0 contiki-srf06-cc26xx.a(cc26xx-uart.o)
 .text.accessible
                0x00000000000034d4       0x24 contiki-srf06-cc26xx.a(cc26xx-uart.o)
 .text.lpm_drop_handler
                0x00000000000034f8       0xc8 contiki-srf06-cc26xx.a(cc26xx-uart.o)
 .text.cc26xx_uart_init
                0x00000000000035c0       0x28 contiki-srf06-cc26xx.a(cc26xx-uart.o)
                0x00000000000035c0                cc26xx_uart_init
 .text.cc26xx_uart_write_byte
                0x00000000000035e8       0x28 contiki-srf06-cc26xx.a(cc26xx-uart.o)
                0x00000000000035e8                cc26xx_uart_write_byte
 .text.cc26xx_uart_busy
                0x0000000000003610       0x18 contiki-srf06-cc26xx.a(cc26xx-uart.o)
                0x0000000000003610                cc26xx_uart_busy
 .text.UART0IntHandler
                0x0000000000003628       0x54 contiki-srf06-cc26xx.a(cc26xx-uart.o)
                0x0000000000003628                UART0IntHandler
 .text.lpm_shutdown
                0x000000000000367c      0x188 contiki-srf06-cc26xx.a(lpm.o)
                0x000000000000367c                lpm_shutdown
 .text.lpm_sleep
                0x0000000000003804       0x14 contiki-srf06-cc26xx.a(lpm.o)
                0x0000000000003804                lpm_sleep
 .text.lpm_drop
                0x0000000000003818      0x250 contiki-srf06-cc26xx.a(lpm.o)
                0x0000000000003818                lpm_drop
 .text.lpm_register_module
                0x0000000000003a68        0xc contiki-srf06-cc26xx.a(lpm.o)
                0x0000000000003a68                lpm_register_module
 .text.lpm_unregister_module
                0x0000000000003a74        0xc contiki-srf06-cc26xx.a(lpm.o)
                0x0000000000003a74                lpm_unregister_module
 .text.lpm_init
                0x0000000000003a80       0x20 contiki-srf06-cc26xx.a(lpm.o)
                0x0000000000003a80                lpm_init
 .text.lpm_pin_set_default_state
                0x0000000000003aa0       0x2c contiki-srf06-cc26xx.a(lpm.o)
                0x0000000000003aa0                lpm_pin_set_default_state
 .text.gpio_interrupt_register_handler
                0x0000000000003acc       0x2c contiki-srf06-cc26xx.a(gpio-interrupt.)
                0x0000000000003acc                gpio_interrupt_register_handler
 .text.gpio_interrupt_init
                0x0000000000003af8       0x24 contiki-srf06-cc26xx.a(gpio-interrupt.)
                0x0000000000003af8                gpio_interrupt_init
 .text.GPIOIntHandler
                0x0000000000003b1c       0x30 contiki-srf06-cc26xx.a(gpio-interrupt.)
                0x0000000000003b1c                GPIOIntHandler
 .text.oscillators_select_lf_xosc
                0x0000000000003b4c       0x50 contiki-srf06-cc26xx.a(oscillators.o)
                0x0000000000003b4c                oscillators_select_lf_xosc
 .text.oscillators_select_lf_rcosc
                0x0000000000003b9c       0x3c contiki-srf06-cc26xx.a(oscillators.o)
                0x0000000000003b9c                oscillators_select_lf_rcosc
 .text.oscillators_request_hf_xosc
                0x0000000000003bd8       0x30 contiki-srf06-cc26xx.a(oscillators.o)
                0x0000000000003bd8                oscillators_request_hf_xosc
 .text.oscillators_switch_to_hf_xosc
                0x0000000000003c08       0x34 contiki-srf06-cc26xx.a(oscillators.o)
                0x0000000000003c08                oscillators_switch_to_hf_xosc
 .text.oscillators_switch_to_hf_rc
                0x0000000000003c3c       0x38 contiki-srf06-cc26xx.a(oscillators.o)
                0x0000000000003c3c                oscillators_switch_to_hf_rc
 .text.request  0x0000000000003c74       0x20 contiki-srf06-cc26xx.a(ieee-mode.o)
 .text.rx_on    0x0000000000003c94       0x5c contiki-srf06-cc26xx.a(ieee-mode.o)
 .text.rf_radio_setup
                0x0000000000003cf0       0x60 contiki-srf06-cc26xx.a(ieee-mode.o)
 .text.soft_on  0x0000000000003d50       0x18 contiki-srf06-cc26xx.a(ieee-mode.o)
 .text.pending_packet
                0x0000000000003d68       0x48 contiki-srf06-cc26xx.a(ieee-mode.o)
 .text.prepare  0x0000000000003db0       0x1c contiki-srf06-cc26xx.a(ieee-mode.o)
 .text.soft_off
                0x0000000000003dcc       0x44 contiki-srf06-cc26xx.a(ieee-mode.o)
 .text.get_object
                0x0000000000003e10       0x48 contiki-srf06-cc26xx.a(ieee-mode.o)
 .text.transmitting.part.1
                0x0000000000003e58       0x44 contiki-srf06-cc26xx.a(ieee-mode.o)
 .text.rx_off   0x0000000000003e9c       0x74 contiki-srf06-cc26xx.a(ieee-mode.o)
 .text.set_object
                0x0000000000003f10       0x60 contiki-srf06-cc26xx.a(ieee-mode.o)
 .text.get_cca_info
                0x0000000000003f70       0x54 contiki-srf06-cc26xx.a(ieee-mode.o)
 .text.check_rat_overflow
                0x0000000000003fc4       0x84 contiki-srf06-cc26xx.a(ieee-mode.o)
 .text.receiving_packet
                0x0000000000004048       0x3c contiki-srf06-cc26xx.a(ieee-mode.o)
 .text.off.part.7
                0x0000000000004084       0x68 contiki-srf06-cc26xx.a(ieee-mode.o)
 .text.off      0x00000000000040ec       0x14 contiki-srf06-cc26xx.a(ieee-mode.o)
 .text.on       0x0000000000004100       0xa4 contiki-srf06-cc26xx.a(ieee-mode.o)
 .text.set_value
                0x00000000000041a4      0x174 contiki-srf06-cc26xx.a(ieee-mode.o)
 .text.get_value
                0x0000000000004318      0x198 contiki-srf06-cc26xx.a(ieee-mode.o)
 .text.transmit
                0x00000000000044b0      0x104 contiki-srf06-cc26xx.a(ieee-mode.o)
 .text.send     0x00000000000045b4       0x24 contiki-srf06-cc26xx.a(ieee-mode.o)
 .text.channel_clear
                0x00000000000045d8       0x84 contiki-srf06-cc26xx.a(ieee-mode.o)
 .text.read_frame
                0x000000000000465c      0x194 contiki-srf06-cc26xx.a(ieee-mode.o)
 .text.handle_rat_overflow
                0x00000000000047f0       0x68 contiki-srf06-cc26xx.a(ieee-mode.o)
 .text.init     0x0000000000004858      0x114 contiki-srf06-cc26xx.a(ieee-mode.o)
 .text.random_rand
                0x000000000000496c        0xc contiki-srf06-cc26xx.a(random.o)
                0x000000000000496c                random_rand
 .text.random_init
                0x0000000000004978        0x4 contiki-srf06-cc26xx.a(random.o)
                0x0000000000004978                random_init
 .text.power_up
                0x000000000000497c       0x40 contiki-srf06-cc26xx.a(soc-trng.o)
 .text.request  0x00000000000049bc       0x14 contiki-srf06-cc26xx.a(soc-trng.o)
 .text.process_thread_soc_trng_process
                0x00000000000049d0       0x94 contiki-srf06-cc26xx.a(soc-trng.o)
 .text.accessible
                0x0000000000004a64       0x24 contiki-srf06-cc26xx.a(soc-trng.o)
 .text.soc_trng_rand_synchronous
                0x0000000000004a88       0xcc contiki-srf06-cc26xx.a(soc-trng.o)
                0x0000000000004a88                soc_trng_rand_synchronous
 .text.TRNGIntHandler
                0x0000000000004b54       0x50 contiki-srf06-cc26xx.a(soc-trng.o)
                0x0000000000004b54                TRNGIntHandler
 .text.soc_trng_init
                0x0000000000004ba4       0x28 contiki-srf06-cc26xx.a(soc-trng.o)
                0x0000000000004ba4                soc_trng_init
 .text.write_str
                0x0000000000004bcc       0x14 contiki-srf06-cc26xx.a(dbg-printf.o)
 .text.printf   0x0000000000004be0       0x24 contiki-srf06-cc26xx.a(dbg-printf.o)
                0x0000000000004be0                printf
 .text.fill_space
                0x0000000000004c04       0x40 contiki-srf06-cc26xx.a(strformat.o)
 .text.format_str_v
                0x0000000000004c44      0x928 contiki-srf06-cc26xx.a(strformat.o)
                0x0000000000004c44                format_str_v
 .text.autostart_start
                0x000000000000556c       0x18 contiki-srf06-cc26xx.a(autostart.o)
                0x000000000000556c                autostart_start
 .text.process_thread_ctimer_process
                0x0000000000005584       0x94 contiki-srf06-cc26xx.a(ctimer.o)
 .text.ctimer_init
                0x0000000000005618       0x28 contiki-srf06-cc26xx.a(ctimer.o)
                0x0000000000005618                ctimer_init
 .text.ctimer_set_with_process
                0x0000000000005640       0x4c contiki-srf06-cc26xx.a(ctimer.o)
                0x0000000000005640                ctimer_set_with_process
 .text.ctimer_set
                0x000000000000568c       0x18 contiki-srf06-cc26xx.a(ctimer.o)
                0x000000000000568c                ctimer_set
 .text.ctimer_restart
                0x00000000000056a4       0x38 contiki-srf06-cc26xx.a(ctimer.o)
                0x00000000000056a4                ctimer_restart
 .text.ctimer_stop
                0x00000000000056dc       0x34 contiki-srf06-cc26xx.a(ctimer.o)
                0x00000000000056dc                ctimer_stop
 .text.energest_init
                0x0000000000005710        0x4 contiki-srf06-cc26xx.a(energest.o)
                0x0000000000005710                energest_init
 .text.update_time.part.0
                0x0000000000005714       0x3c contiki-srf06-cc26xx.a(etimer.o)
 .text.process_thread_etimer_process
                0x0000000000005750       0xdc contiki-srf06-cc26xx.a(etimer.o)
 .text.add_timer
                0x000000000000582c       0x54 contiki-srf06-cc26xx.a(etimer.o)
 .text.etimer_request_poll
                0x0000000000005880        0xc contiki-srf06-cc26xx.a(etimer.o)
                0x0000000000005880                etimer_request_poll
 .text.etimer_set
                0x000000000000588c       0x14 contiki-srf06-cc26xx.a(etimer.o)
                0x000000000000588c                etimer_set
 .text.etimer_restart
                0x00000000000058a0       0x14 contiki-srf06-cc26xx.a(etimer.o)
                0x00000000000058a0                etimer_restart
 .text.etimer_expired
                0x00000000000058b4        0xc contiki-srf06-cc26xx.a(etimer.o)
                0x00000000000058b4                etimer_expired
 .text.etimer_pending
                0x00000000000058c0       0x10 contiki-srf06-cc26xx.a(etimer.o)
                0x00000000000058c0                etimer_pending
 .text.etimer_next_expiration_time
                0x00000000000058d0       0x14 contiki-srf06-cc26xx.a(etimer.o)
                0x00000000000058d0                etimer_next_expiration_time
 .text.etimer_stop
                0x00000000000058e4       0x50 contiki-srf06-cc26xx.a(etimer.o)
                0x00000000000058e4                etimer_stop
 .text.exit_process
                0x0000000000005934       0x9c contiki-srf06-cc26xx.a(process.o)
 .text.call_process.part.0
                0x00000000000059d0       0x38 contiki-srf06-cc26xx.a(process.o)
 .text.do_poll  0x0000000000005a08       0x38 contiki-srf06-cc26xx.a(process.o)
 .text.process_alloc_event
                0x0000000000005a40       0x10 contiki-srf06-cc26xx.a(process.o)
                0x0000000000005a40                process_alloc_event
 .text.process_start
                0x0000000000005a50       0x48 contiki-srf06-cc26xx.a(process.o)
                0x0000000000005a50                process_start
 .text.process_init
                0x0000000000005a98       0x34 contiki-srf06-cc26xx.a(process.o)
                0x0000000000005a98                process_init
 .text.process_run
                0x0000000000005acc       0xa4 contiki-srf06-cc26xx.a(process.o)
                0x0000000000005acc                process_run
 .text.process_nevents
                0x0000000000005b70       0x14 contiki-srf06-cc26xx.a(process.o)
                0x0000000000005b70                process_nevents
 .text.process_post
                0x0000000000005b84       0x40 contiki-srf06-cc26xx.a(process.o)
                0x0000000000005b84                process_post
 .text.process_poll
                0x0000000000005bc4       0x1c contiki-srf06-cc26xx.a(process.o)
                0x0000000000005bc4                process_poll
 .text.rtimer_init
                0x0000000000005be0        0x4 contiki-srf06-cc26xx.a(rtimer.o)
                0x0000000000005be0                rtimer_init
 .text.rtimer_set
                0x0000000000005be4       0x30 contiki-srf06-cc26xx.a(rtimer.o)
                0x0000000000005be4                rtimer_set
 .text.rtimer_run_next
                0x0000000000005c14       0x28 contiki-srf06-cc26xx.a(rtimer.o)
                0x0000000000005c14                rtimer_run_next
 .text.timer_set
                0x0000000000005c3c       0x10 contiki-srf06-cc26xx.a(timer.o)
                0x0000000000005c3c                timer_set
 .text.timer_restart
                0x0000000000005c4c        0xc contiki-srf06-cc26xx.a(timer.o)
                0x0000000000005c4c                timer_restart
 .text.timer_expired
                0x0000000000005c58       0x1c contiki-srf06-cc26xx.a(timer.o)
                0x0000000000005c58                timer_expired
 .text.process_thread_serial_line_process
                0x0000000000005c74       0xa4 contiki-srf06-cc26xx.a(serial-line.o)
 .text.serial_line_init
                0x0000000000005d18       0x24 contiki-srf06-cc26xx.a(serial-line.o)
                0x0000000000005d18                serial_line_init
 .text.list_init
                0x0000000000005d3c        0x8 contiki-srf06-cc26xx.a(list.o)
                0x0000000000005d3c                list_init
 .text.list_head
                0x0000000000005d44        0x4 contiki-srf06-cc26xx.a(list.o)
                0x0000000000005d44                list_head
 .text.list_add
                0x0000000000005d48       0x4c contiki-srf06-cc26xx.a(list.o)
                0x0000000000005d48                list_add
 .text.list_push
                0x0000000000005d94       0x40 contiki-srf06-cc26xx.a(list.o)
                0x0000000000005d94                list_push
 .text.list_chop
                0x0000000000005dd4       0x28 contiki-srf06-cc26xx.a(list.o)
                0x0000000000005dd4                list_chop
 .text.list_remove
                0x0000000000005dfc       0x38 contiki-srf06-cc26xx.a(list.o)
                0x0000000000005dfc                list_remove
 .text.list_item_next
                0x0000000000005e34        0x8 contiki-srf06-cc26xx.a(list.o)
                0x0000000000005e34                list_item_next
 .text.memb_init
                0x0000000000005e3c       0x24 contiki-srf06-cc26xx.a(memb.o)
                0x0000000000005e3c                memb_init
 .text.memb_alloc
                0x0000000000005e60       0x3c contiki-srf06-cc26xx.a(memb.o)
                0x0000000000005e60                memb_alloc
 .text.memb_free
                0x0000000000005e9c       0x3c contiki-srf06-cc26xx.a(memb.o)
                0x0000000000005e9c                memb_free
 .text.memb_inmemb
                0x0000000000005ed8       0x1c contiki-srf06-cc26xx.a(memb.o)
                0x0000000000005ed8                memb_inmemb
 .text.ringbuf_init
                0x0000000000005ef4       0x10 contiki-srf06-cc26xx.a(ringbuf.o)
                0x0000000000005ef4                ringbuf_init
 .text.ringbuf_get
                0x0000000000005f04       0x24 contiki-srf06-cc26xx.a(ringbuf.o)
                0x0000000000005f04                ringbuf_get
 .text.packet_sent
                0x0000000000005f28       0x38 contiki-srf06-cc26xx.a(rime.o)
 .text.input    0x0000000000005f60       0x38 contiki-srf06-cc26xx.a(rime.o)
 .text.init     0x0000000000005f98       0x28 contiki-srf06-cc26xx.a(rime.o)
 .text.rime_output
                0x0000000000005fc0       0x28 contiki-srf06-cc26xx.a(rime.o)
                0x0000000000005fc0                rime_output
 .text.sent_by_stunicast
                0x0000000000005fe8       0x58 contiki-srf06-cc26xx.a(runicast.o)
 .text.recv_from_stunicast
                0x0000000000006040       0xac contiki-srf06-cc26xx.a(runicast.o)
 .text.runicast_open
                0x00000000000060ec       0x2c contiki-srf06-cc26xx.a(runicast.o)
                0x00000000000060ec                runicast_open
 .text.runicast_close
                0x0000000000006118        0x4 contiki-srf06-cc26xx.a(runicast.o)
                0x0000000000006118                runicast_close
 .text.runicast_is_transmitting
                0x000000000000611c        0x8 contiki-srf06-cc26xx.a(runicast.o)
                0x000000000000611c                runicast_is_transmitting
 .text.runicast_send
                0x0000000000006124       0x58 contiki-srf06-cc26xx.a(runicast.o)
                0x0000000000006124                runicast_send
 .text.recv_from_uc
                0x000000000000617c        0xc contiki-srf06-cc26xx.a(stunicast.o)
 .text.sent_by_uc
                0x0000000000006188        0xc contiki-srf06-cc26xx.a(stunicast.o)
 .text.send     0x0000000000006194       0x28 contiki-srf06-cc26xx.a(stunicast.o)
 .text.stunicast_open
                0x00000000000061bc       0x14 contiki-srf06-cc26xx.a(stunicast.o)
                0x00000000000061bc                stunicast_open
 .text.stunicast_receiver
                0x00000000000061d0        0x4 contiki-srf06-cc26xx.a(stunicast.o)
                0x00000000000061d0                stunicast_receiver
 .text.stunicast_send_stubborn
                0x00000000000061d4       0x44 contiki-srf06-cc26xx.a(stunicast.o)
                0x00000000000061d4                stunicast_send_stubborn
 .text.stunicast_send
                0x0000000000006218        0x4 contiki-srf06-cc26xx.a(stunicast.o)
                0x0000000000006218                stunicast_send
 .text.stunicast_cancel
                0x000000000000621c       0x18 contiki-srf06-cc26xx.a(stunicast.o)
                0x000000000000621c                stunicast_cancel
 .text.stunicast_close
                0x0000000000006234       0x14 contiki-srf06-cc26xx.a(stunicast.o)
                0x0000000000006234                stunicast_close
 .text.sent_by_broadcast
                0x0000000000006248        0xc contiki-srf06-cc26xx.a(unicast.o)
 .text.recv_from_broadcast
                0x0000000000006254       0x2c contiki-srf06-cc26xx.a(unicast.o)
 .text.unicast_open
                0x0000000000006280       0x24 contiki-srf06-cc26xx.a(unicast.o)
                0x0000000000006280                unicast_open
 .text.unicast_close
                0x00000000000062a4        0x4 contiki-srf06-cc26xx.a(unicast.o)
                0x00000000000062a4                unicast_close
 .text.unicast_send
                0x00000000000062a8       0x14 contiki-srf06-cc26xx.a(unicast.o)
                0x00000000000062a8                unicast_send
 .text.SafeHapiVoid
                0x00000000000062bc       0x28 contiki-srf06-cc26xx.a(adi.o)
                0x00000000000062bc                SafeHapiVoid
 .text.NOROM_AONRTCCurrentCompareValueGet
                0x00000000000062e4       0x24 contiki-srf06-cc26xx.a(aon_rtc.o)
                0x00000000000062e4                NOROM_AONRTCCurrentCompareValueGet
 .text.NOROM_ChipInfo_GetSupportedProtocol_BV
                0x0000000000006308       0x10 contiki-srf06-cc26xx.a(chipinfo.o)
                0x0000000000006308                NOROM_ChipInfo_GetSupportedProtocol_BV
 .text.NOROM_ChipInfo_GetChipFamily
                0x0000000000006318       0x4c contiki-srf06-cc26xx.a(chipinfo.o)
                0x0000000000006318                NOROM_ChipInfo_GetChipFamily
 .text.NOROM_ChipInfo_GetChipType
                0x0000000000006364       0x50 contiki-srf06-cc26xx.a(chipinfo.o)
                0x0000000000006364                NOROM_ChipInfo_GetChipType
 .text.NOROM_ChipInfo_GetHwRevision
                0x00000000000063b4       0x6c contiki-srf06-cc26xx.a(chipinfo.o)
                0x00000000000063b4                NOROM_ChipInfo_GetHwRevision
 .text.NOROM_ThisCodeIsBuiltForCC26xxHwRev22AndLater_HaltIfViolated
                0x0000000000006420       0x14 contiki-srf06-cc26xx.a(chipinfo.o)
                0x0000000000006420                NOROM_ThisCodeIsBuiltForCC26xxHwRev22AndLater_HaltIfViolated
 .text.NOROM_CPUcpsid
                0x0000000000006434        0x8 contiki-srf06-cc26xx.a(cpu.o)
                0x0000000000006434                NOROM_CPUcpsid
 .text.NOROM_CPUcpsie
                0x000000000000643c        0x8 contiki-srf06-cc26xx.a(cpu.o)
                0x000000000000643c                NOROM_CPUcpsie
 .text.NOROM_CPUdelay
                0x0000000000006444        0x8 contiki-srf06-cc26xx.a(cpu.o)
                0x0000000000006444                NOROM_CPUdelay
 .text.NOROM_DDI32RegWrite
                0x000000000000644c       0x2c contiki-srf06-cc26xx.a(ddi.o)
                0x000000000000644c                NOROM_DDI32RegWrite
 .text.NOROM_DDI16BitfieldWrite
                0x0000000000006478       0x48 contiki-srf06-cc26xx.a(ddi.o)
                0x0000000000006478                NOROM_DDI16BitfieldWrite
 .text.NOROM_DDI16BitfieldRead
                0x00000000000064c0       0x48 contiki-srf06-cc26xx.a(ddi.o)
                0x00000000000064c0                NOROM_DDI16BitfieldRead
 .text.NOROM_OSCClockSourceSet
                0x0000000000006508       0x50 contiki-srf06-cc26xx.a(osc.o)
                0x0000000000006508                NOROM_OSCClockSourceSet
 .text.NOROM_OSCClockSourceGet
                0x0000000000006558       0x20 contiki-srf06-cc26xx.a(osc.o)
                0x0000000000006558                NOROM_OSCClockSourceGet
 .text.NOROM_PowerCtrlSourceSet
                0x0000000000006578       0x30 contiki-srf06-cc26xx.a(pwr_ctrl.o)
                0x0000000000006578                NOROM_PowerCtrlSourceSet
 .text.TrimAfterColdResetWakeupFromShutDown
                0x00000000000065a8       0xe4 contiki-srf06-cc26xx.a(setup.o)
 .text.NOROM_SetupTrimDevice
                0x000000000000668c       0xa0 contiki-srf06-cc26xx.a(setup.o)
                0x000000000000668c                NOROM_SetupTrimDevice
 .text.NOROM_SetupGetTrimForXoscHfCtl.part.3
                0x000000000000672c       0x20 contiki-srf06-cc26xx.a(setup_rom.o)
 .text.NOROM_SetupGetTrimForRadcExtCfg.part.4
                0x000000000000674c       0x1c contiki-srf06-cc26xx.a(setup_rom.o)
 .text.NOROM_SetupAfterColdResetWakeupFromShutDownCfg1
                0x0000000000006768       0x74 contiki-srf06-cc26xx.a(setup_rom.o)
                0x0000000000006768                NOROM_SetupAfterColdResetWakeupFromShutDownCfg1
 .text.NOROM_SetupAfterColdResetWakeupFromShutDownCfg3
                0x00000000000067dc      0x1a0 contiki-srf06-cc26xx.a(setup_rom.o)
                0x00000000000067dc                NOROM_SetupAfterColdResetWakeupFromShutDownCfg3
 .text.NOROM_SetupGetTrimForAnabypassValue1
                0x000000000000697c       0x64 contiki-srf06-cc26xx.a(setup_rom.o)
                0x000000000000697c                NOROM_SetupGetTrimForAnabypassValue1
 .text.NOROM_SetupGetTrimForAmpcompCtrl
                0x00000000000069e0       0x58 contiki-srf06-cc26xx.a(setup_rom.o)
                0x00000000000069e0                NOROM_SetupGetTrimForAmpcompCtrl
 .text.NOROM_SetupAfterColdResetWakeupFromShutDownCfg2
                0x0000000000006a38      0x190 contiki-srf06-cc26xx.a(setup_rom.o)
                0x0000000000006a38                NOROM_SetupAfterColdResetWakeupFromShutDownCfg2
 .text.NOROM_SetupSetCacheModeAccordingToCcfgSetting
                0x0000000000006bc8       0x6c contiki-srf06-cc26xx.a(setup_rom.o)
                0x0000000000006bc8                NOROM_SetupSetCacheModeAccordingToCcfgSetting
 .text.NOROM_SysCtrlSetRechargeBeforePowerDown
                0x0000000000006c34      0x238 contiki-srf06-cc26xx.a(sys_ctrl.o)
                0x0000000000006c34                NOROM_SysCtrlSetRechargeBeforePowerDown
 .text.NOROM_SysCtrlAdjustRechargeAfterPowerDown
                0x0000000000006e6c       0x64 contiki-srf06-cc26xx.a(sys_ctrl.o)
                0x0000000000006e6c                NOROM_SysCtrlAdjustRechargeAfterPowerDown
 .text.NOROM_SysCtrl_DCDC_VoltageConditionalControl
                0x0000000000006ed0       0x7c contiki-srf06-cc26xx.a(sys_ctrl.o)
                0x0000000000006ed0                NOROM_SysCtrl_DCDC_VoltageConditionalControl
 .text.NOROM_TRNGConfigure
                0x0000000000006f4c       0x38 contiki-srf06-cc26xx.a(trng.o)
                0x0000000000006f4c                NOROM_TRNGConfigure
 .text.linkaddr_copy
                0x0000000000006f84        0x8 contiki-srf06-cc26xx.a(linkaddr.o)
                0x0000000000006f84                linkaddr_copy
 .text.linkaddr_cmp
                0x0000000000006f8c       0x20 contiki-srf06-cc26xx.a(linkaddr.o)
                0x0000000000006f8c                linkaddr_cmp
 .text.netstack_init
                0x0000000000006fac       0x38 contiki-srf06-cc26xx.a(netstack.o)
                0x0000000000006fac                netstack_init
 .text.packetbuf_compact
                0x0000000000006fe4       0x48 contiki-srf06-cc26xx.a(packetbuf.o)
                0x0000000000006fe4                packetbuf_compact
 .text.packetbuf_copyto
                0x000000000000702c       0x50 contiki-srf06-cc26xx.a(packetbuf.o)
                0x000000000000702c                packetbuf_copyto
 .text.packetbuf_hdralloc
                0x000000000000707c       0x60 contiki-srf06-cc26xx.a(packetbuf.o)
                0x000000000000707c                packetbuf_hdralloc
 .text.packetbuf_hdrreduce
                0x00000000000070dc       0x2c contiki-srf06-cc26xx.a(packetbuf.o)
                0x00000000000070dc                packetbuf_hdrreduce
 .text.packetbuf_set_datalen
                0x0000000000007108        0xc contiki-srf06-cc26xx.a(packetbuf.o)
                0x0000000000007108                packetbuf_set_datalen
 .text.packetbuf_dataptr
                0x0000000000007114       0x20 contiki-srf06-cc26xx.a(packetbuf.o)
                0x0000000000007114                packetbuf_dataptr
 .text.packetbuf_hdrptr
                0x0000000000007134        0x8 contiki-srf06-cc26xx.a(packetbuf.o)
                0x0000000000007134                packetbuf_hdrptr
 .text.packetbuf_datalen
                0x000000000000713c        0xc contiki-srf06-cc26xx.a(packetbuf.o)
                0x000000000000713c                packetbuf_datalen
 .text.packetbuf_totlen
                0x0000000000007148       0x24 contiki-srf06-cc26xx.a(packetbuf.o)
                0x0000000000007148                packetbuf_totlen
 .text.packetbuf_attr_clear
                0x000000000000716c       0x40 contiki-srf06-cc26xx.a(packetbuf.o)
                0x000000000000716c                packetbuf_attr_clear
 .text.packetbuf_clear
                0x00000000000071ac       0x20 contiki-srf06-cc26xx.a(packetbuf.o)
                0x00000000000071ac                packetbuf_clear
 .text.packetbuf_copyfrom
                0x00000000000071cc       0x40 contiki-srf06-cc26xx.a(packetbuf.o)
                0x00000000000071cc                packetbuf_copyfrom
 .text.packetbuf_attr_copyto
                0x000000000000720c       0x3c contiki-srf06-cc26xx.a(packetbuf.o)
                0x000000000000720c                packetbuf_attr_copyto
 .text.packetbuf_attr_copyfrom
                0x0000000000007248       0x3c contiki-srf06-cc26xx.a(packetbuf.o)
                0x0000000000007248                packetbuf_attr_copyfrom
 .text.packetbuf_set_attr
                0x0000000000007284       0x10 contiki-srf06-cc26xx.a(packetbuf.o)
                0x0000000000007284                packetbuf_set_attr
 .text.packetbuf_attr
                0x0000000000007294        0xc contiki-srf06-cc26xx.a(packetbuf.o)
                0x0000000000007294                packetbuf_attr
 .text.packetbuf_set_addr
                0x00000000000072a0       0x18 contiki-srf06-cc26xx.a(packetbuf.o)
                0x00000000000072a0                packetbuf_set_addr
 .text.packetbuf_addr
                0x00000000000072b8       0x10 contiki-srf06-cc26xx.a(packetbuf.o)
                0x00000000000072b8                packetbuf_addr
 .text.packetbuf_holds_broadcast
                0x00000000000072c8       0x10 contiki-srf06-cc26xx.a(packetbuf.o)
                0x00000000000072c8                packetbuf_holds_broadcast
 .text.queuebuf_init
                0x00000000000072d8       0x1c contiki-srf06-cc26xx.a(queuebuf.o)
                0x00000000000072d8                queuebuf_init
 .text.queuebuf_new_from_packetbuf
                0x00000000000072f4       0x44 contiki-srf06-cc26xx.a(queuebuf.o)
                0x00000000000072f4                queuebuf_new_from_packetbuf
 .text.queuebuf_update_from_packetbuf
                0x0000000000007338       0x1c contiki-srf06-cc26xx.a(queuebuf.o)
                0x0000000000007338                queuebuf_update_from_packetbuf
 .text.queuebuf_free
                0x0000000000007354       0x2c contiki-srf06-cc26xx.a(queuebuf.o)
                0x0000000000007354                queuebuf_free
 .text.queuebuf_to_packetbuf
                0x0000000000007380       0x30 contiki-srf06-cc26xx.a(queuebuf.o)
                0x0000000000007380                queuebuf_to_packetbuf
 .text.send_packet
                0x00000000000073b0        0xc contiki-srf06-cc26xx.a(nullmac.o)
 .text.packet_input
                0x00000000000073bc        0xc contiki-srf06-cc26xx.a(nullmac.o)
 .text.on       0x00000000000073c8        0xc contiki-srf06-cc26xx.a(nullmac.o)
 .text.off      0x00000000000073d4        0xc contiki-srf06-cc26xx.a(nullmac.o)
 .text.channel_check_interval
                0x00000000000073e0        0x4 contiki-srf06-cc26xx.a(nullmac.o)
 .text.init     0x00000000000073e4        0x4 contiki-srf06-cc26xx.a(nullmac.o)
 .text.duty_cycle
                0x00000000000073e8        0x4 contiki-srf06-cc26xx.a(contikimac.o)
 .text.init     0x00000000000073ec       0x40 contiki-srf06-cc26xx.a(contikimac.o)
 .text.on.part.0
                0x000000000000742c       0x14 contiki-srf06-cc26xx.a(contikimac.o)
 .text.off      0x0000000000007440       0x38 contiki-srf06-cc26xx.a(contikimac.o)
 .text.recv_burst_off
                0x0000000000007478       0x14 contiki-srf06-cc26xx.a(contikimac.o)
 .text.powercycle_turn_radio_off.part.2
                0x000000000000748c       0x10 contiki-srf06-cc26xx.a(contikimac.o)
 .text.turn_off
                0x000000000000749c       0x48 contiki-srf06-cc26xx.a(contikimac.o)
 .text.turn_on  0x00000000000074e4       0x44 contiki-srf06-cc26xx.a(contikimac.o)
 .text.schedule_powercycle_fixed.part.5
                0x0000000000007528       0x30 contiki-srf06-cc26xx.a(contikimac.o)
 .text.input_packet
                0x0000000000007558       0xc0 contiki-srf06-cc26xx.a(contikimac.o)
 .text.send_packet.isra.8
                0x0000000000007618      0x254 contiki-srf06-cc26xx.a(contikimac.o)
 .text.qsend_packet
                0x000000000000786c       0x24 contiki-srf06-cc26xx.a(contikimac.o)
 .text.qsend_list
                0x0000000000007890       0xf4 contiki-srf06-cc26xx.a(contikimac.o)
 .text.powercycle_wrapper
                0x0000000000007984      0x278 contiki-srf06-cc26xx.a(contikimac.o)
 .text.init     0x0000000000007bfc        0x4 contiki-srf06-cc26xx.a(nullsec.o)
 .text.input    0x0000000000007c00        0xc contiki-srf06-cc26xx.a(nullsec.o)
 .text.send     0x0000000000007c0c       0x20 contiki-srf06-cc26xx.a(nullsec.o)
 .text.sensor_common_read_reg
                0x0000000000007c2c       0x1c contiki-srf06-cc26xx.a(sensor-common.o)
                0x0000000000007c2c                sensor_common_read_reg
 .text.sensor_common_write_reg
                0x0000000000007c48       0x38 contiki-srf06-cc26xx.a(sensor-common.o)
                0x0000000000007c48                sensor_common_write_reg
 .text.sensor_common_set_error_data
                0x0000000000007c80       0x18 contiki-srf06-cc26xx.a(sensor-common.o)
                0x0000000000007c80                sensor_common_set_error_data
 .text.buzzer_init
                0x0000000000007c98        0xc contiki-srf06-cc26xx.a(buzzer.o)
                0x0000000000007c98                buzzer_init
 .text.buzzer_stop
                0x0000000000007ca4       0x74 contiki-srf06-cc26xx.a(buzzer.o)
                0x0000000000007ca4                buzzer_stop
 .text.aux_ctrl_power_up
                0x0000000000007d18       0x28 contiki-srf06-cc26xx.a(aux-ctrl.o)
                0x0000000000007d18                aux_ctrl_power_up
 .text.aux_ctrl_register_consumer
                0x0000000000007d40       0x40 contiki-srf06-cc26xx.a(aux-ctrl.o)
                0x0000000000007d40                aux_ctrl_register_consumer
 .text.aux_ctrl_power_down
                0x0000000000007d80       0x6c contiki-srf06-cc26xx.a(aux-ctrl.o)
                0x0000000000007d80                aux_ctrl_power_down
 .text.aux_ctrl_unregister_consumer
                0x0000000000007dec       0x28 contiki-srf06-cc26xx.a(aux-ctrl.o)
                0x0000000000007dec                aux_ctrl_unregister_consumer
 .text.process_thread_rf_core_process
                0x0000000000007e14       0x58 contiki-srf06-cc26xx.a(rf-core.o)
 .text.rf_core_is_accessible
                0x0000000000007e6c       0x10 contiki-srf06-cc26xx.a(rf-core.o)
                0x0000000000007e6c                rf_core_is_accessible
 .text.rf_core_send_cmd
                0x0000000000007e7c       0x98 contiki-srf06-cc26xx.a(rf-core.o)
                0x0000000000007e7c                rf_core_send_cmd
 .text.rf_core_wait_cmd_done
                0x0000000000007f14       0x30 contiki-srf06-cc26xx.a(rf-core.o)
                0x0000000000007f14                rf_core_wait_cmd_done
 .text.rf_core_power_up
                0x0000000000007f44       0xcc contiki-srf06-cc26xx.a(rf-core.o)
                0x0000000000007f44                rf_core_power_up
 .text.rf_core_start_rat
                0x0000000000008010       0x78 contiki-srf06-cc26xx.a(rf-core.o)
                0x0000000000008010                rf_core_start_rat
 .text.rf_core_stop_rat
                0x0000000000008088       0x8c contiki-srf06-cc26xx.a(rf-core.o)
                0x0000000000008088                rf_core_stop_rat
 .text.rf_core_power_down
                0x0000000000008114       0xfc contiki-srf06-cc26xx.a(rf-core.o)
                0x0000000000008114                rf_core_power_down
 .text.rf_core_set_modesel
                0x0000000000008210       0x44 contiki-srf06-cc26xx.a(rf-core.o)
                0x0000000000008210                rf_core_set_modesel
 .text.rf_core_boot
                0x0000000000008254       0x1c contiki-srf06-cc26xx.a(rf-core.o)
                0x0000000000008254                rf_core_boot
 .text.rf_core_restart_rat
                0x0000000000008270       0x18 contiki-srf06-cc26xx.a(rf-core.o)
                0x0000000000008270                rf_core_restart_rat
 .text.rf_core_setup_interrupts
                0x0000000000008288       0x70 contiki-srf06-cc26xx.a(rf-core.o)
                0x0000000000008288                rf_core_setup_interrupts
 .text.rf_core_cmd_done_en
                0x00000000000082f8       0x28 contiki-srf06-cc26xx.a(rf-core.o)
                0x00000000000082f8                rf_core_cmd_done_en
 .text.rf_core_cmd_done_dis
                0x0000000000008320       0x18 contiki-srf06-cc26xx.a(rf-core.o)
                0x0000000000008320                rf_core_cmd_done_dis
 .text.rf_core_get_last_radio_op
                0x0000000000008338        0xc contiki-srf06-cc26xx.a(rf-core.o)
                0x0000000000008338                rf_core_get_last_radio_op
 .text.rf_core_init_radio_op
                0x0000000000008344       0x1c contiki-srf06-cc26xx.a(rf-core.o)
                0x0000000000008344                rf_core_init_radio_op
 .text.rf_core_primary_mode_register
                0x0000000000008360        0xc contiki-srf06-cc26xx.a(rf-core.o)
                0x0000000000008360                rf_core_primary_mode_register
 .text.RFCCPE1IntHandler
                0x000000000000836c       0x28 contiki-srf06-cc26xx.a(rf-core.o)
                0x000000000000836c                RFCCPE1IntHandler
 .text.RFCCPE0IntHandler
                0x0000000000008394       0x5c contiki-srf06-cc26xx.a(rf-core.o)
                0x0000000000008394                RFCCPE0IntHandler
 .text.rf_ble_is_active
                0x00000000000083f0        0xc contiki-srf06-cc26xx.a(rf-ble.o)
                0x00000000000083f0                rf_ble_is_active
 .text.abc_open
                0x00000000000083fc       0x20 contiki-srf06-cc26xx.a(abc.o)
                0x00000000000083fc                abc_open
 .text.abc_close
                0x000000000000841c        0x4 contiki-srf06-cc26xx.a(abc.o)
                0x000000000000841c                abc_close
 .text.abc_send
                0x0000000000008420        0x4 contiki-srf06-cc26xx.a(abc.o)
                0x0000000000008420                abc_send
 .text.abc_input
                0x0000000000008424        0xc contiki-srf06-cc26xx.a(abc.o)
                0x0000000000008424                abc_input
 .text.abc_sent
                0x0000000000008430        0xc contiki-srf06-cc26xx.a(abc.o)
                0x0000000000008430                abc_sent
 .text.announcement_init
                0x000000000000843c        0xc contiki-srf06-cc26xx.a(announcement.o)
                0x000000000000843c                announcement_init
 .text.announcement_register_observer_callback
                0x0000000000008448        0xc contiki-srf06-cc26xx.a(announcement.o)
                0x0000000000008448                announcement_register_observer_callback
 .text.announcement_list
                0x0000000000008454        0xc contiki-srf06-cc26xx.a(announcement.o)
                0x0000000000008454                announcement_list
 .text.announcement_heard
                0x0000000000008460       0x3c contiki-srf06-cc26xx.a(announcement.o)
                0x0000000000008460                announcement_heard
 .text.adv_packet_sent
                0x000000000000849c        0x4 contiki-srf06-cc26xx.a(broadcast-annou)
 .text.set_timers
                0x00000000000084a0       0x3c contiki-srf06-cc26xx.a(broadcast-annou)
 .text.send_timer
                0x00000000000084dc       0x18 contiki-srf06-cc26xx.a(broadcast-annou)
 .text.send_adv
                0x00000000000084f4       0x58 contiki-srf06-cc26xx.a(broadcast-annou)
 .text.adv_packet_received
                0x000000000000854c       0x34 contiki-srf06-cc26xx.a(broadcast-annou)
 .text.new_announcement
                0x0000000000008580       0x18 contiki-srf06-cc26xx.a(broadcast-annou)
 .text.broadcast_announcement_init
                0x0000000000008598       0x30 contiki-srf06-cc26xx.a(broadcast-annou)
                0x0000000000008598                broadcast_announcement_init
 .text.sent_by_abc
                0x00000000000085c8        0xc contiki-srf06-cc26xx.a(broadcast.o)
 .text.recv_from_abc
                0x00000000000085d4       0x24 contiki-srf06-cc26xx.a(broadcast.o)
 .text.broadcast_open
                0x00000000000085f8       0x24 contiki-srf06-cc26xx.a(broadcast.o)
                0x00000000000085f8                broadcast_open
 .text.broadcast_close
                0x000000000000861c        0x4 contiki-srf06-cc26xx.a(broadcast.o)
                0x000000000000861c                broadcast_close
 .text.broadcast_send
                0x0000000000008620       0x1c contiki-srf06-cc26xx.a(broadcast.o)
                0x0000000000008620                broadcast_send
 .text.chameleon_init
                0x000000000000863c        0x4 contiki-srf06-cc26xx.a(chameleon.o)
                0x000000000000863c                chameleon_init
 .text.chameleon_parse
                0x0000000000008640       0x1c contiki-srf06-cc26xx.a(chameleon.o)
                0x0000000000008640                chameleon_parse
 .text.chameleon_create
                0x000000000000865c       0x20 contiki-srf06-cc26xx.a(chameleon.o)
                0x000000000000865c                chameleon_create
 .text.chameleon_hdrsize
                0x000000000000867c        0xc contiki-srf06-cc26xx.a(chameleon.o)
                0x000000000000867c                chameleon_hdrsize
 .text.channel_init
                0x0000000000008688        0xc contiki-srf06-cc26xx.a(channel.o)
                0x0000000000008688                channel_init
 .text.channel_open
                0x0000000000008694       0x10 contiki-srf06-cc26xx.a(channel.o)
                0x0000000000008694                channel_open
 .text.channel_close
                0x00000000000086a4        0xc contiki-srf06-cc26xx.a(channel.o)
                0x00000000000086a4                channel_close
 .text.channel_lookup
                0x00000000000086b0       0x24 contiki-srf06-cc26xx.a(channel.o)
                0x00000000000086b0                channel_lookup
 .text.channel_set_attributes
                0x00000000000086d4       0x18 contiki-srf06-cc26xx.a(channel.o)
                0x00000000000086d4                channel_set_attributes
 .text.NOROM_AONBatMonTemperatureGetDegC
                0x00000000000086ec       0x30 contiki-srf06-cc26xx.a(aon_batmon.o)
                0x00000000000086ec                NOROM_AONBatMonTemperatureGetDegC
 .text.parse    0x000000000000871c       0xa8 contiki-srf06-cc26xx.a(framer-802154.o)
 .text.create_frame.isra.0
                0x00000000000087c4      0x140 contiki-srf06-cc26xx.a(framer-802154.o)
 .text.create   0x0000000000008904        0x8 contiki-srf06-cc26xx.a(framer-802154.o)
 .text.hdr_length
                0x000000000000890c        0x8 contiki-srf06-cc26xx.a(framer-802154.o)
 .text.mac_sequence_is_duplicate
                0x0000000000008914       0x54 contiki-srf06-cc26xx.a(mac-sequence.o)
                0x0000000000008914                mac_sequence_is_duplicate
 .text.mac_sequence_register_seqno
                0x0000000000008968       0x6c contiki-srf06-cc26xx.a(mac-sequence.o)
                0x0000000000008968                mac_sequence_register_seqno
 .text.mac_call_sent_callback
                0x00000000000089d4       0x18 contiki-srf06-cc26xx.a(mac.o)
                0x00000000000089d4                mac_call_sent_callback
 .text.header_size
                0x00000000000089ec       0x1c contiki-srf06-cc26xx.a(chameleon-bitop)
 .text.get_bits
                0x0000000000008a08       0xa0 contiki-srf06-cc26xx.a(chameleon-bitop)
                0x0000000000008a08                get_bits
 .text.unpack_header
                0x0000000000008aa8       0xb4 contiki-srf06-cc26xx.a(chameleon-bitop)
 .text.set_bits
                0x0000000000008b5c       0xc4 contiki-srf06-cc26xx.a(chameleon-bitop)
                0x0000000000008b5c                set_bits
 .text.pack_header
                0x0000000000008c20       0xa4 contiki-srf06-cc26xx.a(chameleon-bitop)
 .text.frame802154_get_pan_id
                0x0000000000008cc4        0xc contiki-srf06-cc26xx.a(frame802154.o)
                0x0000000000008cc4                frame802154_get_pan_id
 .text.frame802154_has_panid
                0x0000000000008cd0       0xd0 contiki-srf06-cc26xx.a(frame802154.o)
                0x0000000000008cd0                frame802154_has_panid
 .text.field_len
                0x0000000000008da0       0x88 contiki-srf06-cc26xx.a(frame802154.o)
 .text.frame802154_is_broadcast_addr
                0x0000000000008e28       0x20 contiki-srf06-cc26xx.a(frame802154.o)
                0x0000000000008e28                frame802154_is_broadcast_addr
 .text.frame802154_hdrlen
                0x0000000000008e48       0x34 contiki-srf06-cc26xx.a(frame802154.o)
                0x0000000000008e48                frame802154_hdrlen
 .text.frame802154_create_fcf
                0x0000000000008e7c       0x64 contiki-srf06-cc26xx.a(frame802154.o)
                0x0000000000008e7c                frame802154_create_fcf
 .text.frame802154_create
                0x0000000000008ee0       0xa8 contiki-srf06-cc26xx.a(frame802154.o)
                0x0000000000008ee0                frame802154_create
 .text.frame802154_parse_fcf
                0x0000000000008f88       0x44 contiki-srf06-cc26xx.a(frame802154.o)
                0x0000000000008f88                frame802154_parse_fcf
 .text.frame802154_parse
                0x0000000000008fcc      0x13c contiki-srf06-cc26xx.a(frame802154.o)
                0x0000000000008fcc                frame802154_parse
 .text.exp2     0x0000000000009108       0x10 /usr/local/gcc_arm/gcc-arm-none-eabi-7-2017-q4-major/bin/../lib/gcc/arm-none-eabi/7.2.1/../../../../arm-none-eabi/lib/thumb/v7-m/libm.a(lib_a-w_exp2.o)
                0x0000000000009108                exp2
 .text.pow      0x0000000000009118      0x334 /usr/local/gcc_arm/gcc-arm-none-eabi-7-2017-q4-major/bin/../lib/gcc/arm-none-eabi/7.2.1/../../../../arm-none-eabi/lib/thumb/v7-m/libm.a(lib_a-w_pow.o)
                0x0000000000009118                pow
 .text.__ieee754_sqrt
                0x000000000000944c      0x184 /usr/local/gcc_arm/gcc-arm-none-eabi-7-2017-q4-major/bin/../lib/gcc/arm-none-eabi/7.2.1/../../../../arm-none-eabi/lib/thumb/v7-m/libm.a(lib_a-e_sqrt.o)
                0x000000000000944c                __ieee754_sqrt
 .text.fabs     0x00000000000095d0        0x8 /usr/local/gcc_arm/gcc-arm-none-eabi-7-2017-q4-major/bin/../lib/gcc/arm-none-eabi/7.2.1/../../../../arm-none-eabi/lib/thumb/v7-m/libm.a(lib_a-s_fabs.o)
                0x00000000000095d0                fabs
 .text.finite   0x00000000000095d8        0xc /usr/local/gcc_arm/gcc-arm-none-eabi-7-2017-q4-major/bin/../lib/gcc/arm-none-eabi/7.2.1/../../../../arm-none-eabi/lib/thumb/v7-m/libm.a(lib_a-s_finite.o)
                0x00000000000095d8                finite
 .text.matherr  0x00000000000095e4        0x4 /usr/local/gcc_arm/gcc-arm-none-eabi-7-2017-q4-major/bin/../lib/gcc/arm-none-eabi/7.2.1/../../../../arm-none-eabi/lib/thumb/v7-m/libm.a(lib_a-s_matherr.o)
                0x00000000000095e4                matherr
 .text.nan      0x00000000000095e8        0xc /usr/local/gcc_arm/gcc-arm-none-eabi-7-2017-q4-major/bin/../lib/gcc/arm-none-eabi/7.2.1/../../../../arm-none-eabi/lib/thumb/v7-m/libm.a(lib_a-s_nan.o)
                0x00000000000095e8                nan
 .text.rint     0x00000000000095f4      0x118 /usr/local/gcc_arm/gcc-arm-none-eabi-7-2017-q4-major/bin/../lib/gcc/arm-none-eabi/7.2.1/../../../../arm-none-eabi/lib/thumb/v7-m/libm.a(lib_a-s_rint.o)
                0x00000000000095f4                rint
 .text.copysign
                0x000000000000970c       0x10 /usr/local/gcc_arm/gcc-arm-none-eabi-7-2017-q4-major/bin/../lib/gcc/arm-none-eabi/7.2.1/../../../../arm-none-eabi/lib/thumb/v7-m/libm.a(lib_a-s_copysign.o)
                0x000000000000970c                copysign
 .text          0x000000000000971c      0x378 /usr/local/gcc_arm/gcc-arm-none-eabi-7-2017-q4-major/bin/../lib/gcc/arm-none-eabi/7.2.1/thumb/v7-m/libgcc.a(_arm_addsubdf3.o)
                0x000000000000971c                __aeabi_drsub
                0x0000000000009724                __subdf3
                0x0000000000009724                __aeabi_dsub
                0x0000000000009728                __aeabi_dadd
                0x0000000000009728                __adddf3
                0x00000000000099a0                __aeabi_ui2d
                0x00000000000099a0                __floatunsidf
                0x00000000000099c0                __floatsidf
                0x00000000000099c0                __aeabi_i2d
                0x00000000000099e4                __extendsfdf2
                0x00000000000099e4                __aeabi_f2d
                0x0000000000009a28                __aeabi_ul2d
                0x0000000000009a28                __floatundidf
                0x0000000000009a38                __aeabi_l2d
                0x0000000000009a38                __floatdidf
 .text          0x0000000000009a94      0x424 /usr/local/gcc_arm/gcc-arm-none-eabi-7-2017-q4-major/bin/../lib/gcc/arm-none-eabi/7.2.1/thumb/v7-m/libgcc.a(_arm_muldivdf3.o)
                0x0000000000009a94                __aeabi_dmul
                0x0000000000009a94                __muldf3
                0x0000000000009ce8                __aeabi_ddiv
                0x0000000000009ce8                __divdf3
 .text          0x0000000000009eb8      0x110 /usr/local/gcc_arm/gcc-arm-none-eabi-7-2017-q4-major/bin/../lib/gcc/arm-none-eabi/7.2.1/thumb/v7-m/libgcc.a(_arm_cmpdf2.o)
                0x0000000000009eb8                __gedf2
                0x0000000000009eb8                __gtdf2
                0x0000000000009ec0                __ledf2
                0x0000000000009ec0                __ltdf2
                0x0000000000009ec8                __cmpdf2
                0x0000000000009ec8                __eqdf2
                0x0000000000009ec8                __nedf2
                0x0000000000009f44                __aeabi_cdrcmple
                0x0000000000009f54                __aeabi_cdcmple
                0x0000000000009f54                __aeabi_cdcmpeq
                0x0000000000009f64                __aeabi_dcmpeq
                0x0000000000009f78                __aeabi_dcmplt
                0x0000000000009f8c                __aeabi_dcmple
                0x0000000000009fa0                __aeabi_dcmpge
                0x0000000000009fb4                __aeabi_dcmpgt
 .text          0x0000000000009fc8       0x2c /usr/local/gcc_arm/gcc-arm-none-eabi-7-2017-q4-major/bin/../lib/gcc/arm-none-eabi/7.2.1/thumb/v7-m/libgcc.a(_arm_unorddf2.o)
                0x0000000000009fc8                __aeabi_dcmpun
                0x0000000000009fc8                __unorddf2
 .text          0x0000000000009ff4       0xa0 /usr/local/gcc_arm/gcc-arm-none-eabi-7-2017-q4-major/bin/../lib/gcc/arm-none-eabi/7.2.1/thumb/v7-m/libgcc.a(_arm_truncdfsf2.o)
                0x0000000000009ff4                __aeabi_d2f
                0x0000000000009ff4                __truncdfsf2
 .text          0x000000000000a094      0x21c /usr/local/gcc_arm/gcc-arm-none-eabi-7-2017-q4-major/bin/../lib/gcc/arm-none-eabi/7.2.1/thumb/v7-m/libgcc.a(_arm_addsubsf3.o)
                0x000000000000a094                __aeabi_frsub
                0x000000000000a09c                __aeabi_fsub
                0x000000000000a09c                __subsf3
                0x000000000000a0a0                __aeabi_fadd
                0x000000000000a0a0                __addsf3
                0x000000000000a200                __aeabi_ui2f
                0x000000000000a200                __floatunsisf
                0x000000000000a208                __floatsisf
                0x000000000000a208                __aeabi_i2f
                0x000000000000a224                __aeabi_ul2f
                0x000000000000a224                __floatundisf
                0x000000000000a234                __aeabi_l2f
                0x000000000000a234                __floatdisf
 .text          0x000000000000a2b0      0x2a0 /usr/local/gcc_arm/gcc-arm-none-eabi-7-2017-q4-major/bin/../lib/gcc/arm-none-eabi/7.2.1/thumb/v7-m/libgcc.a(_arm_muldivsf3.o)
                0x000000000000a2b0                __mulsf3
                0x000000000000a2b0                __aeabi_fmul
                0x000000000000a418                __divsf3
                0x000000000000a418                __aeabi_fdiv
 .text          0x000000000000a550       0x4c /usr/local/gcc_arm/gcc-arm-none-eabi-7-2017-q4-major/bin/../lib/gcc/arm-none-eabi/7.2.1/thumb/v7-m/libgcc.a(_arm_fixsfsi.o)
                0x000000000000a550                __fixsfsi
                0x000000000000a550                __aeabi_f2iz
 .text          0x000000000000a59c       0x30 /usr/local/gcc_arm/gcc-arm-none-eabi-7-2017-q4-major/bin/../lib/gcc/arm-none-eabi/7.2.1/thumb/v7-m/libgcc.a(_aeabi_uldivmod.o)
                0x000000000000a59c                __aeabi_uldivmod
 .text          0x000000000000a5cc      0x2d0 /usr/local/gcc_arm/gcc-arm-none-eabi-7-2017-q4-major/bin/../lib/gcc/arm-none-eabi/7.2.1/thumb/v7-m/libgcc.a(_udivmoddi4.o)
                0x000000000000a5cc                __udivmoddi4
 .text          0x000000000000a89c        0x4 /usr/local/gcc_arm/gcc-arm-none-eabi-7-2017-q4-major/bin/../lib/gcc/arm-none-eabi/7.2.1/thumb/v7-m/libgcc.a(_dvmd_tls.o)
                0x000000000000a89c                __aeabi_ldiv0
                0x000000000000a89c                __aeabi_idiv0
 .text.__errno  0x000000000000a8a0        0xc /usr/local/gcc_arm/gcc-arm-none-eabi-7-2017-q4-major/bin/../lib/gcc/arm-none-eabi/7.2.1/../../../../arm-none-eabi/lib/thumb/v7-m/libc.a(lib_a-errno.o)
                0x000000000000a8a0                __errno
 .text          0x000000000000a8ac       0xec /usr/local/gcc_arm/gcc-arm-none-eabi-7-2017-q4-major/bin/../lib/gcc/arm-none-eabi/7.2.1/../../../../arm-none-eabi/lib/thumb/v7-m/libc.a(lib_a-memcpy.o)
                0x000000000000a8ac                memcpy
 .text.memset   0x000000000000a998       0x94 /usr/local/gcc_arm/gcc-arm-none-eabi-7-2017-q4-major/bin/../lib/gcc/arm-none-eabi/7.2.1/../../../../arm-none-eabi/lib/thumb/v7-m/libc.a(lib_a-memset.o)
                0x000000000000a998                memset
 .text.srand    0x000000000000aa2c       0x10 /usr/local/gcc_arm/gcc-arm-none-eabi-7-2017-q4-major/bin/../lib/gcc/arm-none-eabi/7.2.1/../../../../arm-none-eabi/lib/thumb/v7-m/libc.a(lib_a-rand.o)
                0x000000000000aa2c                srand
 .text.rand     0x000000000000aa3c       0x3c /usr/local/gcc_arm/gcc-arm-none-eabi-7-2017-q4-major/bin/../lib/gcc/arm-none-eabi/7.2.1/../../../../arm-none-eabi/lib/thumb/v7-m/libc.a(lib_a-rand.o)
                0x000000000000aa3c                rand
 .text.strlen   0x000000000000aa78       0x5c /usr/local/gcc_arm/gcc-arm-none-eabi-7-2017-q4-major/bin/../lib/gcc/arm-none-eabi/7.2.1/../../../../arm-none-eabi/lib/thumb/v7-m/libc.a(lib_a-strlen-stub.o)
                0x000000000000aa78                strlen
 *(SORT_BY_ALIGNMENT(.rodata*))
 *fill*         0x000000000000aad4        0x4 00000000
 .rodata.TWO52  0x000000000000aad8       0x10 /usr/local/gcc_arm/gcc-arm-none-eabi-7-2017-q4-major/bin/../lib/gcc/arm-none-eabi/7.2.1/../../../../arm-none-eabi/lib/thumb/v7-m/libm.a(lib_a-s_rint.o)
 .rodata.autostart_processes
                0x000000000000aae8        0x8 example-runicast.co
                0x000000000000aae8                autostart_processes
 .rodata.process_thread_test_runicast_process.str1.4
                0x000000000000aaf0      0x146 example-runicast.co
 *fill*         0x000000000000ac36        0x2 00000000
 .rodata.recv_runicast.str1.4
                0x000000000000ac38       0x6c example-runicast.co
 .rodata.runicast_callbacks
                0x000000000000aca4        0xc example-runicast.co
 .rodata.sent_runicast.str1.4
                0x000000000000acb0       0x34 example-runicast.co
 .rodata.str1.4
                0x000000000000ace4        0xe example-runicast.co
 *fill*         0x000000000000acf2        0x2 00000000
 .rodata.timedout_runicast.str1.4
                0x000000000000acf4       0x46 example-runicast.co
 *fill*         0x000000000000ad3a        0x2 00000000
 .rodata.main.str1.4
                0x000000000000ad3c       0xf2 contiki-srf06-cc26xx.a(contiki-main.o)
 *fill*         0x000000000000ae2e        0x2 00000000
 .rodata.str1.4
                0x000000000000ae30        0x8 contiki-srf06-cc26xx.a(sensors.o)
 .rodata.bmp_280_sensor
                0x000000000000ae38       0x10 contiki-srf06-cc26xx.a(bmp-280-sensor.)
                0x000000000000ae38                bmp_280_sensor
 .rodata.str1.4
                0x000000000000ae48        0x7 contiki-srf06-cc26xx.a(bmp-280-sensor.)
 *fill*         0x000000000000ae4f        0x1 00000000
 .rodata.str1.4
                0x000000000000ae50        0x7 contiki-srf06-cc26xx.a(tmp-007-sensor.)
 *fill*         0x000000000000ae57        0x1 00000000
 .rodata.tmp_007_sensor
                0x000000000000ae58       0x10 contiki-srf06-cc26xx.a(tmp-007-sensor.)
                0x000000000000ae58                tmp_007_sensor
 .rodata.opt_3001_sensor
                0x000000000000ae68       0x10 contiki-srf06-cc26xx.a(opt-3001-sensor)
                0x000000000000ae68                opt_3001_sensor
 .rodata.str1.4
                0x000000000000ae78        0x8 contiki-srf06-cc26xx.a(opt-3001-sensor)
 .rodata.hdc_1000_sensor
                0x000000000000ae80       0x10 contiki-srf06-cc26xx.a(hdc-1000-sensor)
                0x000000000000ae80                hdc_1000_sensor
 .rodata.str1.4
                0x000000000000ae90        0x8 contiki-srf06-cc26xx.a(hdc-1000-sensor)
 .rodata.mpu_9250_sensor
                0x000000000000ae98       0x10 contiki-srf06-cc26xx.a(mpu-9250-sensor)
                0x000000000000ae98                mpu_9250_sensor
 .rodata.str1.4
                0x000000000000aea8        0x8 contiki-srf06-cc26xx.a(mpu-9250-sensor)
 .rodata.button_left_sensor
                0x000000000000aeb0       0x10 contiki-srf06-cc26xx.a(button-sensor.o)
                0x000000000000aeb0                button_left_sensor
 .rodata.button_right_sensor
                0x000000000000aec0       0x10 contiki-srf06-cc26xx.a(button-sensor.o)
                0x000000000000aec0                button_right_sensor
 .rodata.str1.4
                0x000000000000aed0        0x7 contiki-srf06-cc26xx.a(button-sensor.o)
 *fill*         0x000000000000aed7        0x1 00000000
 .rodata.reed_relay_sensor
                0x000000000000aed8       0x10 contiki-srf06-cc26xx.a(reed-relay.o)
                0x000000000000aed8                reed_relay_sensor
 .rodata.str1.4
                0x000000000000aee8        0x5 contiki-srf06-cc26xx.a(reed-relay.o)
 *fill*         0x000000000000aeed        0x3 00000000
 .rodata        0x000000000000aef0        0x4 contiki-srf06-cc26xx.a(ext-flash.o)
 .rodata.ieee_mode_driver
                0x000000000000aef4       0x38 contiki-srf06-cc26xx.a(ieee-mode.o)
                0x000000000000aef4                ieee_mode_driver
 .rodata.mode_ieee
                0x000000000000af2c        0x8 contiki-srf06-cc26xx.a(ieee-mode.o)
 .rodata.output_power
                0x000000000000af34       0x68 contiki-srf06-cc26xx.a(ieee-mode.o)
 .rodata.str1.4
                0x000000000000af9c       0x1b contiki-srf06-cc26xx.a(soc-trng.o)
 *fill*         0x000000000000afb7        0x1 00000000
 .rodata.buffer.4041
                0x000000000000afb8       0x10 contiki-srf06-cc26xx.a(strformat.o)
 .rodata.buffer.4050
                0x000000000000afc8       0x10 contiki-srf06-cc26xx.a(strformat.o)
 .rodata.format_str_v.str1.4
                0x000000000000afd8       0x46 contiki-srf06-cc26xx.a(strformat.o)
 *fill*         0x000000000000b01e        0x2 00000000
 .rodata.str1.4
                0x000000000000b020        0xf contiki-srf06-cc26xx.a(ctimer.o)
 *fill*         0x000000000000b02f        0x1 00000000
 .rodata.str1.4
                0x000000000000b030        0xc contiki-srf06-cc26xx.a(etimer.o)
 .rodata.str1.4
                0x000000000000b03c        0xe contiki-srf06-cc26xx.a(serial-line.o)
 *fill*         0x000000000000b04a        0x2 00000000
 .rodata.rime_driver
                0x000000000000b04c        0xc contiki-srf06-cc26xx.a(rime.o)
                0x000000000000b04c                rime_driver
 .rodata.str1.4
                0x000000000000b058        0x5 contiki-srf06-cc26xx.a(rime.o)
 *fill*         0x000000000000b05d        0x3 00000000
 .rodata.attributes
                0x000000000000b060        0xa contiki-srf06-cc26xx.a(runicast.o)
 *fill*         0x000000000000b06a        0x2 00000000
 .rodata.runicast
                0x000000000000b06c        0x8 contiki-srf06-cc26xx.a(runicast.o)
 .rodata.stunicast
                0x000000000000b074        0x8 contiki-srf06-cc26xx.a(stunicast.o)
 .rodata.attributes
                0x000000000000b07c        0x6 contiki-srf06-cc26xx.a(unicast.o)
 *fill*         0x000000000000b082        0x2 00000000
 .rodata.uc     0x000000000000b084        0x8 contiki-srf06-cc26xx.a(unicast.o)
 .rodata.linkaddr_null
                0x000000000000b08c        0x2 contiki-srf06-cc26xx.a(linkaddr.o)
                0x000000000000b08c                linkaddr_null
 *fill*         0x000000000000b08e        0x2 00000000
 .rodata.nullmac_driver
                0x000000000000b090       0x1c contiki-srf06-cc26xx.a(nullmac.o)
                0x000000000000b090                nullmac_driver
 .rodata.str1.4
                0x000000000000b0ac        0x8 contiki-srf06-cc26xx.a(nullmac.o)
 .rodata.contikimac_driver
                0x000000000000b0b4       0x20 contiki-srf06-cc26xx.a(contikimac.o)
                0x000000000000b0b4                contikimac_driver
 .rodata.str1.4
                0x000000000000b0d4        0xb contiki-srf06-cc26xx.a(contikimac.o)
 *fill*         0x000000000000b0df        0x1 00000000
 .rodata.nullsec_driver
                0x000000000000b0e0       0x10 contiki-srf06-cc26xx.a(nullsec.o)
                0x000000000000b0e0                nullsec_driver
 .rodata.str1.4
                0x000000000000b0f0        0x8 contiki-srf06-cc26xx.a(nullsec.o)
 .rodata.RFCCPE0IntHandler.str1.4
                0x000000000000b0f8       0x2a contiki-srf06-cc26xx.a(rf-core.o)
 *fill*         0x000000000000b122        0x2 00000000
 .rodata.str1.4
                0x000000000000b124       0x1a contiki-srf06-cc26xx.a(rf-core.o)
 *fill*         0x000000000000b13e        0x2 00000000
 .rodata.attributes
                0x000000000000b140        0x2 contiki-srf06-cc26xx.a(abc.o)
 *fill*         0x000000000000b142        0x2 00000000
 .rodata.broadcast_callbacks
                0x000000000000b144        0x8 contiki-srf06-cc26xx.a(broadcast-annou)
 .rodata.attributes
                0x000000000000b14c        0x4 contiki-srf06-cc26xx.a(broadcast.o)
 .rodata.broadcast
                0x000000000000b150        0x8 contiki-srf06-cc26xx.a(broadcast.o)
 .rodata.framer_802154
                0x000000000000b158        0xc contiki-srf06-cc26xx.a(framer-802154.o)
                0x000000000000b158                framer_802154
 .rodata.bitmask
                0x000000000000b164        0x9 contiki-srf06-cc26xx.a(chameleon-bitop)
 *fill*         0x000000000000b16d        0x3 00000000
 .rodata.chameleon_bitopt
                0x000000000000b170        0xc contiki-srf06-cc26xx.a(chameleon-bitop)
                0x000000000000b170                chameleon_bitopt
 .rodata.pow.str1.4
                0x000000000000b17c        0x4 /usr/local/gcc_arm/gcc-arm-none-eabi-7-2017-q4-major/bin/../lib/gcc/arm-none-eabi/7.2.1/../../../../arm-none-eabi/lib/thumb/v7-m/libm.a(lib_a-w_pow.o)
 .rodata.__ieee754_pow.str1.4
                0x000000000000b180        0x4 /usr/local/gcc_arm/gcc-arm-none-eabi-7-2017-q4-major/bin/../lib/gcc/arm-none-eabi/7.2.1/../../../../arm-none-eabi/lib/thumb/v7-m/libm.a(lib_a-e_pow.o)
                                          0x1 (size before relaxing)
                0x000000000000b184                _etext = .

.glue_7         0x000000000000b180        0x0
 .glue_7        0x000000000000b180        0x0 linker stubs

.glue_7t        0x000000000000b180        0x0
 .glue_7t       0x000000000000b180        0x0 linker stubs

.vfp11_veneer   0x000000000000b180        0x0
 .vfp11_veneer  0x000000000000b180        0x0 linker stubs

.v4_bx          0x000000000000b180        0x0
 .v4_bx         0x000000000000b180        0x0 linker stubs

.iplt           0x000000000000b180        0x0
 .iplt          0x000000000000b180        0x0 obj_srf06-cc26xx/startup_gcc.o

.data           0x0000000020000000      0x58d load address 0x000000000000b180
                0x0000000020000000                _data = .
 *(SORT_BY_ALIGNMENT(vtable))
 *(SORT_BY_ALIGNMENT(.data*))
 .data.impure_data
                0x0000000020000000      0x428 /usr/local/gcc_arm/gcc-arm-none-eabi-7-2017-q4-major/bin/../lib/gcc/arm-none-eabi/7.2.1/../../../../arm-none-eabi/lib/thumb/v7-m/libc.a(lib_a-impure.o)
 .data.address_index_writing
                0x0000000020000428        0x4 example-runicast.co
 .data.history_mem
                0x000000002000042c        0xc example-runicast.co
 .data.randint  0x0000000020000438        0x4 example-runicast.co
 .data.test_runicast_process
                0x000000002000043c       0x10 example-runicast.co
                0x000000002000043c                test_runicast_process
 .data.sensors_process
                0x000000002000044c       0x10 contiki-srf06-cc26xx.a(sensors.o)
                0x000000002000044c                sensors_process
 .data.sensors  0x000000002000045c       0x24 contiki-srf06-cc26xx.a(sensortag-senso)
                0x000000002000045c                sensors
 .data.sensortag_module
                0x0000000020000480       0x14 contiki-srf06-cc26xx.a(board.o)
 .data.uart_module
                0x0000000020000494       0x14 contiki-srf06-cc26xx.a(cc26xx-uart.o)
 .data.cc26xx_rf_lpm_module
                0x00000000200004a8       0x14 contiki-srf06-cc26xx.a(ieee-mode.o)
 .data.ieee_overrides
                0x00000000200004bc       0x2c contiki-srf06-cc26xx.a(ieee-mode.o)
 .data.tx_power_current
                0x00000000200004e8        0x4 contiki-srf06-cc26xx.a(ieee-mode.o)
                0x00000000200004e8                tx_power_current
 .data.rng_module
                0x00000000200004ec       0x14 contiki-srf06-cc26xx.a(soc-trng.o)
 .data.soc_trng_process
                0x0000000020000500       0x10 contiki-srf06-cc26xx.a(soc-trng.o)
                0x0000000020000500                soc_trng_process
 .data.ctxt     0x0000000020000510        0x8 contiki-srf06-cc26xx.a(dbg-printf.o)
 .data.ctimer_process
                0x0000000020000518       0x10 contiki-srf06-cc26xx.a(ctimer.o)
                0x0000000020000518                ctimer_process
 .data.etimer_process
                0x0000000020000528       0x10 contiki-srf06-cc26xx.a(etimer.o)
                0x0000000020000528                etimer_process
 .data.serial_line_process
                0x0000000020000538       0x10 contiki-srf06-cc26xx.a(serial-line.o)
                0x0000000020000538                serial_line_process
 .data.bufmem   0x0000000020000548        0xc contiki-srf06-cc26xx.a(queuebuf.o)
 .data.buframmem
                0x0000000020000554        0xc contiki-srf06-cc26xx.a(queuebuf.o)
 .data.buzzer_module
                0x0000000020000560       0x14 contiki-srf06-cc26xx.a(buzzer.o)
 .data.rf_core_process
                0x0000000020000574       0x10 contiki-srf06-cc26xx.a(rf-core.o)
                0x0000000020000574                rf_core_process
 .data._impure_ptr
                0x0000000020000584        0x4 /usr/local/gcc_arm/gcc-arm-none-eabi-7-2017-q4-major/bin/../lib/gcc/arm-none-eabi/7.2.1/../../../../arm-none-eabi/lib/thumb/v7-m/libc.a(lib_a-impure.o)
                0x0000000020000584                _impure_ptr
 .data.mac_pan_id
                0x0000000020000588        0x2 contiki-srf06-cc26xx.a(frame802154.o)
 .data.interface
                0x000000002000058a        0x1 contiki-srf06-cc26xx.a(board-i2c.o)
 .data.rng_ready_event
                0x000000002000058b        0x1 contiki-srf06-cc26xx.a(soc-trng.o)
 .data.__fdlib_version
                0x000000002000058c        0x1 /usr/local/gcc_arm/gcc-arm-none-eabi-7-2017-q4-major/bin/../lib/gcc/arm-none-eabi/7.2.1/../../../../arm-none-eabi/lib/thumb/v7-m/libm.a(lib_a-s_lib_ver.o)
                0x000000002000058c                __fdlib_version
                0x000000002000058d                _edata = .

.igot.plt       0x0000000020000590        0x0 load address 0x000000000000b70d
 .igot.plt      0x0000000020000590        0x0 obj_srf06-cc26xx/startup_gcc.o

.ARM.exidx      0x000000000000b710        0x8
 *(SORT_BY_ALIGNMENT(.ARM.exidx*))
 .ARM.exidx     0x000000000000b710        0x8 /usr/local/gcc_arm/gcc-arm-none-eabi-7-2017-q4-major/bin/../lib/gcc/arm-none-eabi/7.2.1/thumb/v7-m/libgcc.a(_udivmoddi4.o)

.bss            0x0000000020000590     0x11a2
                0x0000000020000590                _bss = .
 *(SORT_BY_ALIGNMENT(.bss*))
 .bss.count     0x0000000020000590        0x8 contiki-srf06-cc26xx.a(clock.o)
 .bss.rands_cache
                0x0000000020000598       0x20 contiki-srf06-cc26xx.a(soc-trng.o)
 .bss.address_offset.6622
                0x00000000200005b8        0x4 example-runicast.co
 .bss.et.6632   0x00000000200005bc       0x10 example-runicast.co
 .bss.history_mem_memb_count
                0x00000000200005cc        0x4 example-runicast.co
 .bss.history_mem_memb_mem
                0x00000000200005d0       0x20 example-runicast.co
 .bss.history_table_list
                0x00000000200005f0        0x4 example-runicast.co
 .bss.runicast  0x00000000200005f4       0x50 example-runicast.co
 .bss.sensor_data_int.6623
                0x0000000020000644        0x4 example-runicast.co
 .bss.events.4854
                0x0000000020000648        0x4 contiki-srf06-cc26xx.a(sensors.o)
 .bss.i.4853    0x000000002000064c        0x4 contiki-srf06-cc26xx.a(sensors.o)
 .bss.inited    0x0000000020000650        0x4 contiki-srf06-cc26xx.a(leds-arch.o)
 .bss.calibration_data
                0x0000000020000654       0x1c contiki-srf06-cc26xx.a(bmp-280-sensor.)
 .bss.enabled   0x0000000020000670        0x4 contiki-srf06-cc26xx.a(bmp-280-sensor.)
 .bss.sensor_value
                0x0000000020000674        0x6 contiki-srf06-cc26xx.a(bmp-280-sensor.)
 *fill*         0x000000002000067a        0x2 
 .bss.startup_timer
                0x000000002000067c       0x20 contiki-srf06-cc26xx.a(bmp-280-sensor.)
 .bss.amb_temp_latched
                0x000000002000069c        0x4 contiki-srf06-cc26xx.a(tmp-007-sensor.)
 .bss.buf       0x00000000200006a0        0x4 contiki-srf06-cc26xx.a(tmp-007-sensor.)
 .bss.enabled   0x00000000200006a4        0x4 contiki-srf06-cc26xx.a(tmp-007-sensor.)
 .bss.obj_temp_latched
                0x00000000200006a8        0x4 contiki-srf06-cc26xx.a(tmp-007-sensor.)
 .bss.startup_timer
                0x00000000200006ac       0x20 contiki-srf06-cc26xx.a(tmp-007-sensor.)
 .bss.startup_timer
                0x00000000200006cc       0x20 contiki-srf06-cc26xx.a(opt-3001-sensor)
 .bss.state     0x00000000200006ec        0x4 contiki-srf06-cc26xx.a(opt-3001-sensor)
 .bss.data      0x00000000200006f0        0x4 contiki-srf06-cc26xx.a(hdc-1000-sensor)
 .bss.enabled   0x00000000200006f4        0x4 contiki-srf06-cc26xx.a(hdc-1000-sensor)
 .bss.startup_timer
                0x00000000200006f8       0x20 contiki-srf06-cc26xx.a(hdc-1000-sensor)
 .bss.elements  0x0000000020000718        0x4 contiki-srf06-cc26xx.a(mpu-9250-sensor)
 .bss.sensor_value
                0x000000002000071c        0x6 contiki-srf06-cc26xx.a(mpu-9250-sensor)
 *fill*         0x0000000020000722        0x2 
 .bss.startup_timer
                0x0000000020000724       0x20 contiki-srf06-cc26xx.a(mpu-9250-sensor)
 .bss.state     0x0000000020000744        0x4 contiki-srf06-cc26xx.a(mpu-9250-sensor)
 .bss.left_timer
                0x0000000020000748       0x10 contiki-srf06-cc26xx.a(button-sensor.o)
 .bss.debouncetimer
                0x0000000020000758        0x8 contiki-srf06-cc26xx.a(reed-relay.o)
 .bss.last_isr_time
                0x0000000020000760        0x4 contiki-srf06-cc26xx.a(soc-rtc.o)
 .bss.input_handler
                0x0000000020000764        0x4 contiki-srf06-cc26xx.a(cc26xx-uart.o)
 .bss.modules_list_list
                0x0000000020000768        0x4 contiki-srf06-cc26xx.a(lpm.o)
 .bss.handlers  0x000000002000076c       0x80 contiki-srf06-cc26xx.a(gpio-interrupt.)
 .bss.cmd_ieee_rx_buf
                0x00000000200007ec       0x80 contiki-srf06-cc26xx.a(ieee-mode.o)
 .bss.filter_cmd
                0x000000002000086c        0x8 contiki-srf06-cc26xx.a(ieee-mode.o)
 .bss.last_packet_timestamp
                0x0000000020000874        0x4 contiki-srf06-cc26xx.a(ieee-mode.o)
 .bss.last_rat_overflow
                0x0000000020000878        0x4 contiki-srf06-cc26xx.a(ieee-mode.o)
 .bss.last_value.8704
                0x000000002000087c        0x4 contiki-srf06-cc26xx.a(ieee-mode.o)
 .bss.rat_overflow_counter
                0x0000000020000880        0x4 contiki-srf06-cc26xx.a(ieee-mode.o)
 .bss.rat_overflow_timer
                0x0000000020000884       0x20 contiki-srf06-cc26xx.a(ieee-mode.o)
 .bss.rf_stats  0x00000000200008a4       0x10 contiki-srf06-cc26xx.a(ieee-mode.o)
 .bss.rx_buf_0  0x00000000200008b4       0x90 contiki-srf06-cc26xx.a(ieee-mode.o)
 .bss.rx_buf_1  0x0000000020000944       0x90 contiki-srf06-cc26xx.a(ieee-mode.o)
 .bss.rx_buf_2  0x00000000200009d4       0x90 contiki-srf06-cc26xx.a(ieee-mode.o)
 .bss.rx_buf_3  0x0000000020000a64       0x90 contiki-srf06-cc26xx.a(ieee-mode.o)
 .bss.rx_data_queue
                0x0000000020000af4        0x8 contiki-srf06-cc26xx.a(ieee-mode.o)
 .bss.rx_read_entry
                0x0000000020000afc        0x4 contiki-srf06-cc26xx.a(ieee-mode.o)
 .bss.tx_buf    0x0000000020000b00       0xb6 contiki-srf06-cc26xx.a(ieee-mode.o)
 *fill*         0x0000000020000bb6        0x2 
 .bss.notify_cb
                0x0000000020000bb8        0x4 contiki-srf06-cc26xx.a(soc-trng.o)
 .bss.rands_mask
                0x0000000020000bbc        0x4 contiki-srf06-cc26xx.a(soc-trng.o)
 .bss.ctimer_list_list
                0x0000000020000bc0        0x4 contiki-srf06-cc26xx.a(ctimer.o)
 .bss.next_expiration
                0x0000000020000bc4        0x4 contiki-srf06-cc26xx.a(etimer.o)
 .bss.timerlist
                0x0000000020000bc8        0x4 contiki-srf06-cc26xx.a(etimer.o)
 .bss.events    0x0000000020000bcc      0x180 contiki-srf06-cc26xx.a(process.o)
 .bss.process_current
                0x0000000020000d4c        0x4 contiki-srf06-cc26xx.a(process.o)
                0x0000000020000d4c                process_current
 .bss.process_list
                0x0000000020000d50        0x4 contiki-srf06-cc26xx.a(process.o)
                0x0000000020000d50                process_list
 .bss.next_rtimer
                0x0000000020000d54        0x4 contiki-srf06-cc26xx.a(rtimer.o)
 .bss.buf.4837  0x0000000020000d58       0x80 contiki-srf06-cc26xx.a(serial-line.o)
 .bss.ptr.4838  0x0000000020000dd8        0x4 contiki-srf06-cc26xx.a(serial-line.o)
 .bss.rxbuf     0x0000000020000ddc        0x8 contiki-srf06-cc26xx.a(serial-line.o)
 .bss.rxbuf_data
                0x0000000020000de4       0x80 contiki-srf06-cc26xx.a(serial-line.o)
 .bss.sniffers_list
                0x0000000020000e64        0x4 contiki-srf06-cc26xx.a(rime.o)
 .bss.powerQualGlobals
                0x0000000020000e68        0x8 contiki-srf06-cc26xx.a(sys_ctrl.o)
 .bss.packetbuf_aligned
                0x0000000020000e70       0x80 contiki-srf06-cc26xx.a(packetbuf.o)
 .bss.bufmem_memb_count
                0x0000000020000ef0        0x8 contiki-srf06-cc26xx.a(queuebuf.o)
 .bss.bufmem_memb_mem
                0x0000000020000ef8       0x20 contiki-srf06-cc26xx.a(queuebuf.o)
 .bss.buframmem_memb_count
                0x0000000020000f18        0x8 contiki-srf06-cc26xx.a(queuebuf.o)
 .bss.buframmem_memb_mem
                0x0000000020000f20      0x5f0 contiki-srf06-cc26xx.a(queuebuf.o)
 .bss.ct.6994   0x0000000020001510       0x20 contiki-srf06-cc26xx.a(contikimac.o)
 .bss.cycle_start
                0x0000000020001530        0x4 contiki-srf06-cc26xx.a(contikimac.o)
 .bss.pt        0x0000000020001534        0x2 contiki-srf06-cc26xx.a(contikimac.o)
 *fill*         0x0000000020001536        0x2 
 .bss.rt        0x0000000020001538        0xc contiki-srf06-cc26xx.a(contikimac.o)
 .bss.start.6919
                0x0000000020001544        0x4 contiki-srf06-cc26xx.a(contikimac.o)
 .bss.we_are_receiving_burst
                0x0000000020001548        0x4 contiki-srf06-cc26xx.a(contikimac.o)
 .bss.buffer    0x000000002000154c       0x20 contiki-srf06-cc26xx.a(sensor-common.o)
 .bss.consumers_list_list
                0x000000002000156c        0x4 contiki-srf06-cc26xx.a(aux-ctrl.o)
 .bss.last_radio_op
                0x0000000020001570        0x4 contiki-srf06-cc26xx.a(rf-core.o)
 .bss.primary_mode
                0x0000000020001574        0x4 contiki-srf06-cc26xx.a(rf-core.o)
 .bss.rat_offset
                0x0000000020001578        0x4 contiki-srf06-cc26xx.a(rf-core.o)
                0x0000000020001578                rat_offset
 .bss.announcements_list
                0x000000002000157c        0x4 contiki-srf06-cc26xx.a(announcement.o)
 .bss.observer_callback
                0x0000000020001580        0x4 contiki-srf06-cc26xx.a(announcement.o)
 .bss.c         0x0000000020001584       0x6c contiki-srf06-cc26xx.a(broadcast-annou)
 .bss.channel_list_list
                0x00000000200015f0        0x4 contiki-srf06-cc26xx.a(channel.o)
 .bss.received_seqnos
                0x00000000200015f4       0xc0 contiki-srf06-cc26xx.a(mac-sequence.o)
 .bss.node_id   0x00000000200016b4        0x2 contiki-srf06-cc26xx.a(contiki-main.o)
                0x00000000200016b4                node_id
 .bss.val       0x00000000200016b6        0x2 contiki-srf06-cc26xx.a(tmp-007-sensor.)